Component: Arm Compiler for Embedded 6.22 Tool: armlink [5ee90200]

==============================================================================

Section Cross References

    main.o(.text.led_init) refers to py32f002b_hal_gpio.o(.text.HAL_GPIO_Init) for HAL_GPIO_Init
    main.o(.ARM.exidx.text.led_init) refers to main.o(.text.led_init) for [Anonymous Symbol]
    main.o(.ARM.exidx.text.diff_u32) refers to main.o(.text.diff_u32) for [Anonymous Symbol]
    main.o(.text.main) refers to py32f002b_hal.o(.text.HAL_Init) for HAL_Init
    main.o(.text.main) refers to py32f002b_hal.o(.text.HAL_Delay) for HAL_Delay
    main.o(.text.main) refers to main.o(.text.led_init) for led_init
    main.o(.text.main) refers to key.o(.text.key_init) for key_init
    main.o(.text.main) refers to uart.o(.text.uart_init) for uart_init
    main.o(.text.main) refers to uart.o(.text.uart_send) for uart_send
    main.o(.text.main) refers to py32f002b_hal.o(.text.HAL_GetTick) for HAL_GetTick
    main.o(.text.main) refers to main.o(.text.diff_u32) for diff_u32
    main.o(.text.main) refers to py32f002b_hal_gpio.o(.text.HAL_GPIO_TogglePin) for HAL_GPIO_TogglePin
    main.o(.text.main) refers to key.o(.text.key_read) for key_read
    main.o(.text.main) refers to main.o(.rodata.str1.1) for [Anonymous Symbol]
    main.o(.text.main) refers to main.o(.data.s_key_buf) for [Anonymous Symbol]
    main.o(.ARM.exidx.text.main) refers to main.o(.text.main) for [Anonymous Symbol]
    py32f002b_it.o(.ARM.exidx.text.NMI_Handler) refers to py32f002b_it.o(.text.NMI_Handler) for [Anonymous Symbol]
    py32f002b_it.o(.ARM.exidx.text.HardFault_Handler) refers to py32f002b_it.o(.text.HardFault_Handler) for [Anonymous Symbol]
    py32f002b_it.o(.ARM.exidx.text.SVC_Handler) refers to py32f002b_it.o(.text.SVC_Handler) for [Anonymous Symbol]
    py32f002b_it.o(.ARM.exidx.text.PendSV_Handler) refers to py32f002b_it.o(.text.PendSV_Handler) for [Anonymous Symbol]
    py32f002b_it.o(.text.SysTick_Handler) refers to py32f002b_hal.o(.text.HAL_IncTick) for HAL_IncTick
    py32f002b_it.o(.ARM.exidx.text.SysTick_Handler) refers to py32f002b_it.o(.text.SysTick_Handler) for [Anonymous Symbol]
    pcf8574.o(.ARM.exidx.text.pcf8574_read) refers to pcf8574.o(.text.pcf8574_read) for [Anonymous Symbol]
    pcf8574.o(.ARM.exidx.text.pcf8574_write) refers to pcf8574.o(.text.pcf8574_write) for [Anonymous Symbol]
    pcf8574.o(.ARM.exidx.text.pcf8574_init) refers to pcf8574.o(.text.pcf8574_init) for [Anonymous Symbol]
    pcf8574.o(.ARM.exidx.text.pcf8574_deinit) refers to pcf8574.o(.text.pcf8574_deinit) for [Anonymous Symbol]
    io_iic.o(.ARM.exidx.text.io_iic_start) refers to io_iic.o(.text.io_iic_start) for [Anonymous Symbol]
    io_iic.o(.ARM.exidx.text.io_iic_stop) refers to io_iic.o(.text.io_iic_stop) for [Anonymous Symbol]
    io_iic.o(.ARM.exidx.text.io_iic_write) refers to io_iic.o(.text.io_iic_write) for [Anonymous Symbol]
    io_iic.o(.ARM.exidx.text.io_iic_read) refers to io_iic.o(.text.io_iic_read) for [Anonymous Symbol]
    io_iic.o(.ARM.exidx.text.io_iic_init) refers to io_iic.o(.text.io_iic_init) for [Anonymous Symbol]
    io_iic.o(.ARM.exidx.text.io_iic_deinit) refers to io_iic.o(.text.io_iic_deinit) for [Anonymous Symbol]
    key.o(.text.pcf8574_iic_start_port) refers to io_iic.o(.text.io_iic_start) for io_iic_start
    key.o(.text.pcf8574_iic_start_port) refers to key.o(.data.iic_dev) for [Anonymous Symbol]
    key.o(.ARM.exidx.text.pcf8574_iic_start_port) refers to key.o(.text.pcf8574_iic_start_port) for [Anonymous Symbol]
    key.o(.text.pcf8574_iic_stop_port) refers to io_iic.o(.text.io_iic_stop) for io_iic_stop
    key.o(.text.pcf8574_iic_stop_port) refers to key.o(.data.iic_dev) for [Anonymous Symbol]
    key.o(.ARM.exidx.text.pcf8574_iic_stop_port) refers to key.o(.text.pcf8574_iic_stop_port) for [Anonymous Symbol]
    key.o(.text.pcf8574_iic_read_port) refers to io_iic.o(.text.io_iic_read) for io_iic_read
    key.o(.text.pcf8574_iic_read_port) refers to key.o(.data.iic_dev) for [Anonymous Symbol]
    key.o(.ARM.exidx.text.pcf8574_iic_read_port) refers to key.o(.text.pcf8574_iic_read_port) for [Anonymous Symbol]
    key.o(.text.pcf8574_iic_write_port) refers to io_iic.o(.text.io_iic_write) for io_iic_write
    key.o(.text.pcf8574_iic_write_port) refers to key.o(.data.iic_dev) for [Anonymous Symbol]
    key.o(.ARM.exidx.text.pcf8574_iic_write_port) refers to key.o(.text.pcf8574_iic_write_port) for [Anonymous Symbol]
    key.o(.text.pcf8574_iic_init_port) refers to io_iic.o(.text.io_iic_init) for io_iic_init
    key.o(.text.pcf8574_iic_init_port) refers to key.o(.data.iic_dev) for [Anonymous Symbol]
    key.o(.ARM.exidx.text.pcf8574_iic_init_port) refers to key.o(.text.pcf8574_iic_init_port) for [Anonymous Symbol]
    key.o(.text.pcf8574_iic_deinit_port) refers to io_iic.o(.text.io_iic_deinit) for io_iic_deinit
    key.o(.text.pcf8574_iic_deinit_port) refers to key.o(.data.iic_dev) for [Anonymous Symbol]
[...]
    Removing py32f002b_hal_usart.o(.text.USART_TransmitReceive_IT), (428 bytes).
    Removing py32f002b_hal_usart.o(.ARM.exidx.text.USART_TransmitReceive_IT), (8 bytes).
    Removing py32f002b_hal_usart.o(.text.USART_EndRxTransfer), (40 bytes).
    Removing py32f002b_hal_usart.o(.ARM.exidx.text.USART_EndRxTransfer), (8 bytes).
    Removing py32f002b_hal_usart.o(.text.HAL_USART_ErrorCallback), (8 bytes).
    Removing py32f002b_hal_usart.o(.ARM.exidx.text.HAL_USART_ErrorCallback), (8 bytes).
    Removing py32f002b_hal_usart.o(.text.USART_Transmit_IT), (172 bytes).
    Removing py32f002b_hal_usart.o(.ARM.exidx.text.USART_Transmit_IT), (8 bytes).
    Removing py32f002b_hal_usart.o(.text.USART_EndTransmit_IT), (48 bytes).
    Removing py32f002b_hal_usart.o(.ARM.exidx.text.USART_EndTransmit_IT), (8 bytes).
    Removing py32f002b_hal_usart.o(.text.HAL_USART_TxCpltCallback), (8 bytes).
    Removing py32f002b_hal_usart.o(.ARM.exidx.text.HAL_USART_TxCpltCallback), (8 bytes).
    Removing py32f002b_hal_usart.o(.text.HAL_USART_TxHalfCpltCallback), (8 bytes).
    Removing py32f002b_hal_usart.o(.ARM.exidx.text.HAL_USART_TxHalfCpltCallback), (8 bytes).
    Removing py32f002b_hal_usart.o(.text.HAL_USART_RxCpltCallback), (8 bytes).
    Removing py32f002b_hal_usart.o(.ARM.exidx.text.HAL_USART_RxCpltCallback), (8 bytes).
    Removing py32f002b_hal_usart.o(.text.HAL_USART_RxHalfCpltCallback), (8 bytes).
    Removing py32f002b_hal_usart.o(.ARM.exidx.text.HAL_USART_RxHalfCpltCallback), (8 bytes).
    Removing py32f002b_hal_usart.o(.text.HAL_USART_TxRxCpltCallback), (8 bytes).
    Removing py32f002b_hal_usart.o(.ARM.exidx.text.HAL_USART_TxRxCpltCallback), (8 bytes).
    Removing py32f002b_hal_usart.o(.text.HAL_USART_GetState), (14 bytes).
    Removing py32f002b_hal_usart.o(.ARM.exidx.text.HAL_USART_GetState), (8 bytes).
    Removing py32f002b_hal_usart.o(.text.HAL_USART_GetError), (12 bytes).
    Removing py32f002b_hal_usart.o(.ARM.exidx.text.HAL_USART_GetError), (8 bytes).
    Removing py32f002b_ll_adc.o(.text), (0 bytes).
    Removing py32f002b_ll_adc.o(.text.LL_ADC_CommonDeInit), (28 bytes).
    Removing py32f002b_ll_adc.o(.ARM.exidx.text.LL_ADC_CommonDeInit), (8 bytes).
    Removing py32f002b_ll_adc.o(.text.LL_APB1_GRP2_ForceReset), (24 bytes).
    Removing py32f002b_ll_adc.o(.ARM.exidx.text.LL_APB1_GRP2_ForceReset), (8 bytes).
    Removing py32f002b_ll_adc.o(.text.LL_APB1_GRP2_ReleaseReset), (24 bytes).
    Removing py32f002b_ll_adc.o(.ARM.exidx.text.LL_APB1_GRP2_ReleaseReset), (8 bytes).
    Removing py32f002b_ll_adc.o(.text.LL_ADC_DeInit), (308 bytes).
    Removing py32f002b_ll_adc.o(.ARM.exidx.text.LL_ADC_DeInit), (8 bytes).
    Removing py32f002b_ll_adc.o(.text.LL_ADC_IsEnabled), (16 bytes).
    Removing py32f002b_ll_adc.o(.ARM.exidx.text.LL_ADC_IsEnabled), (8 bytes).
    Removing py32f002b_ll_adc.o(.text.LL_ADC_REG_SetTriggerSource), (28 bytes).
    Removing py32f002b_ll_adc.o(.ARM.exidx.text.LL_ADC_REG_SetTriggerSource), (8 bytes).
    Removing py32f002b_ll_adc.o(.text.LL_ADC_REG_IsConversionOngoing), (18 bytes).
    Removing py32f002b_ll_adc.o(.ARM.exidx.text.LL_ADC_REG_IsConversionOngoing), (8 bytes).
    Removing py32f002b_ll_adc.o(.text.LL_ADC_REG_IsStopConversionOngoing), (18 bytes).
    Removing py32f002b_ll_adc.o(.ARM.exidx.text.LL_ADC_REG_IsStopConversionOngoing), (8 bytes).
    Removing py32f002b_ll_adc.o(.text.LL_ADC_REG_StopConversion), (28 bytes).
    Removing py32f002b_ll_adc.o(.ARM.exidx.text.LL_ADC_REG_StopConversion), (8 bytes).
    Removing py32f002b_ll_adc.o(.text.LL_ADC_Disable), (28 bytes).
    Removing py32f002b_ll_adc.o(.ARM.exidx.text.LL_ADC_Disable), (8 bytes).
    Removing py32f002b_ll_adc.o(.text.LL_ADC_IsDisableOngoing), (18 bytes).
    Removing py32f002b_ll_adc.o(.ARM.exidx.text.LL_ADC_IsDisableOngoing), (8 bytes).
    Removing py32f002b_ll_adc.o(.text.LL_ADC_Init), (96 bytes).
    Removing py32f002b_ll_adc.o(.ARM.exidx.text.LL_ADC_Init), (8 bytes).
    Removing py32f002b_ll_adc.o(.text.LL_ADC_StructInit), (30 bytes).
    Removing py32f002b_ll_adc.o(.ARM.exidx.text.LL_ADC_StructInit), (8 bytes).
    Removing py32f002b_ll_adc.o(.text.LL_ADC_REG_Init), (80 bytes).
    Removing py32f002b_ll_adc.o(.ARM.exidx.text.LL_ADC_REG_Init), (8 bytes).
    Removing py32f002b_ll_adc.o(.text.LL_ADC_REG_StructInit), (30 bytes).
    Removing py32f002b_ll_adc.o(.ARM.exidx.text.LL_ADC_REG_StructInit), (8 bytes).
    Removing py32f002b_ll_comp.o(.text), (0 bytes).
    Removing py32f002b_ll_comp.o(.text.LL_COMP_DeInit), (24 bytes).
    Removing py32f002b_ll_comp.o(.ARM.exidx.text.LL_COMP_DeInit), (8 bytes).
    Removing py32f002b_ll_comp.o(.text.LL_COMP_Init), (88 bytes).
    Removing py32f002b_ll_comp.o(.ARM.exidx.text.LL_COMP_Init), (8 bytes).
    Removing py32f002b_ll_comp.o(.text.LL_COMP_StructInit), (26 bytes).
    Removing py32f002b_ll_comp.o(.ARM.exidx.text.LL_COMP_StructInit), (8 bytes).
    Removing py32f002b_ll_crc.o(.text), (0 bytes).
    Removing py32f002b_ll_crc.o(.text.LL_CRC_DeInit), (60 bytes).
    Removing py32f002b_ll_crc.o(.ARM.exidx.text.LL_CRC_DeInit), (8 bytes).
    Removing py32f002b_ll_crc.o(.text.LL_CRC_ResetCRCCalculationUnit), (18 bytes).
    Removing py32f002b_ll_crc.o(.ARM.exidx.text.LL_CRC_ResetCRCCalculationUnit), (8 bytes).
    Removing py32f002b_ll_crc.o(.text.LL_CRC_Write_IDR), (16 bytes).
    Removing py32f002b_ll_crc.o(.ARM.exidx.text.LL_CRC_Write_IDR), (8 bytes).
    Removing py32f002b_ll_exti.o(.text), (0 bytes).
    Removing py32f002b_ll_exti.o(.text.LL_EXTI_DeInit), (64 bytes).
    Removing py32f002b_ll_exti.o(.ARM.exidx.text.LL_EXTI_DeInit), (8 bytes).
    Removing py32f002b_ll_exti.o(.text.LL_EXTI_Init), (250 bytes).
    Removing py32f002b_ll_exti.o(.ARM.exidx.text.LL_EXTI_Init), (8 bytes).
    Removing py32f002b_ll_exti.o(.text.LL_EXTI_DisableEvent), (24 bytes).
    Removing py32f002b_ll_exti.o(.ARM.exidx.text.LL_EXTI_DisableEvent), (8 bytes).
    Removing py32f002b_ll_exti.o(.text.LL_EXTI_EnableIT), (24 bytes).
    Removing py32f002b_ll_exti.o(.ARM.exidx.text.LL_EXTI_EnableIT), (8 bytes).
    Removing py32f002b_ll_exti.o(.text.LL_EXTI_DisableIT), (24 bytes).
    Removing py32f002b_ll_exti.o(.ARM.exidx.text.LL_EXTI_DisableIT), (8 bytes).
    Removing py32f002b_ll_exti.o(.text.LL_EXTI_EnableEvent), (24 bytes).
    Removing py32f002b_ll_exti.o(.ARM.exidx.text.LL_EXTI_EnableEvent), (8 bytes).
    Removing py32f002b_ll_exti.o(.text.LL_EXTI_DisableFallingTrig), (24 bytes).
    Removing py32f002b_ll_exti.o(.ARM.exidx.text.LL_EXTI_DisableFallingTrig), (8 bytes).
    Removing py32f002b_ll_exti.o(.text.LL_EXTI_EnableRisingTrig), (24 bytes).
    Removing py32f002b_ll_exti.o(.ARM.exidx.text.LL_EXTI_EnableRisingTrig), (8 bytes).
    Removing py32f002b_ll_exti.o(.text.LL_EXTI_DisableRisingTrig), (24 bytes).
    Removing py32f002b_ll_exti.o(.ARM.exidx.text.LL_EXTI_DisableRisingTrig), (8 bytes).
    Removing py32f002b_ll_exti.o(.text.LL_EXTI_EnableFallingTrig), (24 bytes).
    Removing py32f002b_ll_exti.o(.ARM.exidx.text.LL_EXTI_EnableFallingTrig), (8 bytes).
    Removing py32f002b_ll_exti.o(.text.LL_EXTI_StructInit), (28 bytes).
    Removing py32f002b_ll_exti.o(.ARM.exidx.text.LL_EXTI_StructInit), (8 bytes).
    Removing py32f002b_ll_gpio.o(.text), (0 bytes).
    Removing py32f002b_ll_gpio.o(.text.LL_GPIO_DeInit), (120 bytes).
    Removing py32f002b_ll_gpio.o(.ARM.exidx.text.LL_GPIO_DeInit), (8 bytes).
    Removing py32f002b_ll_gpio.o(.text.LL_IOP_GRP1_ForceReset), (24 bytes).
    Removing py32f002b_ll_gpio.o(.ARM.exidx.text.LL_IOP_GRP1_ForceReset), (8 bytes).
    Removing py32f002b_ll_gpio.o(.text.LL_IOP_GRP1_ReleaseReset), (24 bytes).
    Removing py32f002b_ll_gpio.o(.ARM.exidx.text.LL_IOP_GRP1_ReleaseReset), (8 bytes).
    Removing py32f002b_ll_gpio.o(.text.LL_GPIO_Init), (206 bytes).
    Removing py32f002b_ll_gpio.o(.ARM.exidx.text.LL_GPIO_Init), (8 bytes).
    Removing py32f002b_ll_gpio.o(.text.LL_GPIO_SetPinMode), (36 bytes).
    Removing py32f002b_ll_gpio.o(.ARM.exidx.text.LL_GPIO_SetPinMode), (8 bytes).
    Removing py32f002b_ll_gpio.o(.text.LL_GPIO_SetPinSpeed), (36 bytes).
    Removing py32f002b_ll_gpio.o(.ARM.exidx.text.LL_GPIO_SetPinSpeed), (8 bytes).
    Removing py32f002b_ll_gpio.o(.text.LL_GPIO_SetPinPull), (36 bytes).
    Removing py32f002b_ll_gpio.o(.ARM.exidx.text.LL_GPIO_SetPinPull), (8 bytes).
    Removing py32f002b_ll_gpio.o(.text.LL_GPIO_SetAFPin_0_7), (38 bytes).
    Removing py32f002b_ll_gpio.o(.ARM.exidx.text.LL_GPIO_SetAFPin_0_7), (8 bytes).
    Removing py32f002b_ll_gpio.o(.text.LL_GPIO_SetAFPin_8_15), (40 bytes).
    Removing py32f002b_ll_gpio.o(.ARM.exidx.text.LL_GPIO_SetAFPin_8_15), (8 bytes).
    Removing py32f002b_ll_gpio.o(.text.LL_GPIO_SetPinOutputType), (30 bytes).
    Removing py32f002b_ll_gpio.o(.ARM.exidx.text.LL_GPIO_SetPinOutputType), (8 bytes).
    Removing py32f002b_ll_gpio.o(.text.LL_GPIO_StructInit), (44 bytes).
    Removing py32f002b_ll_gpio.o(.ARM.exidx.text.LL_GPIO_StructInit), (8 bytes).
    Removing py32f002b_ll_i2c.o(.text), (0 bytes).
    Removing py32f002b_ll_i2c.o(.text.LL_I2C_DeInit), (60 bytes).
    Removing py32f002b_ll_i2c.o(.ARM.exidx.text.LL_I2C_DeInit), (8 bytes).
    Removing py32f002b_ll_i2c.o(.text.LL_APB1_GRP1_ForceReset), (24 bytes).
    Removing py32f002b_ll_i2c.o(.ARM.exidx.text.LL_APB1_GRP1_ForceReset), (8 bytes).
    Removing py32f002b_ll_i2c.o(.text.LL_APB1_GRP1_ReleaseReset), (24 bytes).
    Removing py32f002b_ll_i2c.o(.ARM.exidx.text.LL_APB1_GRP1_ReleaseReset), (8 bytes).
    Removing py32f002b_ll_i2c.o(.text.LL_I2C_Init), (70 bytes).
    Removing py32f002b_ll_i2c.o(.ARM.exidx.text.LL_I2C_Init), (8 bytes).
    Removing py32f002b_ll_i2c.o(.text.LL_I2C_Disable), (18 bytes).
    Removing py32f002b_ll_i2c.o(.ARM.exidx.text.LL_I2C_Disable), (8 bytes).
    Removing py32f002b_ll_i2c.o(.text.LL_I2C_ConfigSpeed), (320 bytes).
    Removing py32f002b_ll_i2c.o(.ARM.exidx.text.LL_I2C_ConfigSpeed), (8 bytes).
    Removing py32f002b_ll_i2c.o(.text.LL_I2C_SetOwnAddress1), (28 bytes).
    Removing py32f002b_ll_i2c.o(.ARM.exidx.text.LL_I2C_SetOwnAddress1), (8 bytes).
    Removing py32f002b_ll_i2c.o(.text.LL_I2C_Enable), (18 bytes).
    Removing py32f002b_ll_i2c.o(.ARM.exidx.text.LL_I2C_Enable), (8 bytes).
    Removing py32f002b_ll_i2c.o(.text.LL_I2C_AcknowledgeNextData), (28 bytes).
    Removing py32f002b_ll_i2c.o(.ARM.exidx.text.LL_I2C_AcknowledgeNextData), (8 bytes).
    Removing py32f002b_ll_i2c.o(.text.LL_I2C_StructInit), (32 bytes).
    Removing py32f002b_ll_i2c.o(.ARM.exidx.text.LL_I2C_StructInit), (8 bytes).
    Removing py32f002b_ll_lptim.o(.text), (0 bytes).
    Removing py32f002b_ll_lptim.o(.text.LL_LPTIM_DeInit), (60 bytes).
    Removing py32f002b_ll_lptim.o(.ARM.exidx.text.LL_LPTIM_DeInit), (8 bytes).
    Removing py32f002b_ll_lptim.o(.text.LL_APB1_GRP1_ForceReset), (24 bytes).
    Removing py32f002b_ll_lptim.o(.ARM.exidx.text.LL_APB1_GRP1_ForceReset), (8 bytes).
    Removing py32f002b_ll_lptim.o(.text.LL_APB1_GRP1_ReleaseReset), (24 bytes).
    Removing py32f002b_ll_lptim.o(.ARM.exidx.text.LL_APB1_GRP1_ReleaseReset), (8 bytes).
    Removing py32f002b_ll_lptim.o(.text.LL_LPTIM_StructInit), (18 bytes).
    Removing py32f002b_ll_lptim.o(.ARM.exidx.text.LL_LPTIM_StructInit), (8 bytes).
    Removing py32f002b_ll_lptim.o(.text.LL_LPTIM_Init), (72 bytes).
    Removing py32f002b_ll_lptim.o(.ARM.exidx.text.LL_LPTIM_Init), (8 bytes).
    Removing py32f002b_ll_lptim.o(.text.LL_LPTIM_IsEnabled), (16 bytes).
    Removing py32f002b_ll_lptim.o(.ARM.exidx.text.LL_LPTIM_IsEnabled), (8 bytes).
    Removing py32f002b_ll_pwr.o(.text), (0 bytes).
    Removing py32f002b_ll_pwr.o(.text.LL_PWR_DeInit), (26 bytes).
    Removing py32f002b_ll_pwr.o(.ARM.exidx.text.LL_PWR_DeInit), (8 bytes).
    Removing py32f002b_ll_pwr.o(.text.LL_APB1_GRP1_ForceReset), (24 bytes).
    Removing py32f002b_ll_pwr.o(.ARM.exidx.text.LL_APB1_GRP1_ForceReset), (8 bytes).
    Removing py32f002b_ll_pwr.o(.text.LL_APB1_GRP1_ReleaseReset), (24 bytes).
    Removing py32f002b_ll_pwr.o(.ARM.exidx.text.LL_APB1_GRP1_ReleaseReset), (8 bytes).
    Removing py32f002b_ll_rcc.o(.text), (0 bytes).
    Removing py32f002b_ll_rcc.o(.text.LL_RCC_DeInit), (92 bytes).
    Removing py32f002b_ll_rcc.o(.ARM.exidx.text.LL_RCC_DeInit), (8 bytes).
    Removing py32f002b_ll_rcc.o(.text.LL_RCC_HSI_SetCalibFreq), (32 bytes).
    Removing py32f002b_ll_rcc.o(.ARM.exidx.text.LL_RCC_HSI_SetCalibFreq), (8 bytes).
    Removing py32f002b_ll_rcc.o(.text.LL_RCC_HSI_Enable), (20 bytes).
    Removing py32f002b_ll_rcc.o(.ARM.exidx.text.LL_RCC_HSI_Enable), (8 bytes).
    Removing py32f002b_ll_rcc.o(.text.LL_RCC_HSI_IsReady), (20 bytes).
    Removing py32f002b_ll_rcc.o(.ARM.exidx.text.LL_RCC_HSI_IsReady), (8 bytes).
    Removing py32f002b_ll_rcc.o(.text.LL_RCC_GetSysClkSource), (16 bytes).
    Removing py32f002b_ll_rcc.o(.ARM.exidx.text.LL_RCC_GetSysClkSource), (8 bytes).
    Removing py32f002b_ll_rcc.o(.text.LL_RCC_GetSystemClocksFreq), (42 bytes).
    Removing py32f002b_ll_rcc.o(.ARM.exidx.text.LL_RCC_GetSystemClocksFreq), (8 bytes).
    Removing py32f002b_ll_rcc.o(.text.RCC_GetSystemClockFreq), (236 bytes).
    Removing py32f002b_ll_rcc.o(.ARM.exidx.text.RCC_GetSystemClockFreq), (8 bytes).
    Removing py32f002b_ll_rcc.o(.text.RCC_GetHCLKClockFreq), (44 bytes).
    Removing py32f002b_ll_rcc.o(.ARM.exidx.text.RCC_GetHCLKClockFreq), (8 bytes).
    Removing py32f002b_ll_rcc.o(.text.RCC_GetPCLK1ClockFreq), (40 bytes).
    Removing py32f002b_ll_rcc.o(.ARM.exidx.text.RCC_GetPCLK1ClockFreq), (8 bytes).
    Removing py32f002b_ll_rcc.o(.text.LL_RCC_GetMCOClockFreq), (216 bytes).
    Removing py32f002b_ll_rcc.o(.ARM.exidx.text.LL_RCC_GetMCOClockFreq), (8 bytes).
    Removing py32f002b_ll_rcc.o(.text.LL_RCC_GetMCOClockSource), (20 bytes).
    Removing py32f002b_ll_rcc.o(.ARM.exidx.text.LL_RCC_GetMCOClockSource), (8 bytes).
    Removing py32f002b_ll_rcc.o(.text.LL_RCC_HSI_GetFreq), (28 bytes).
    Removing py32f002b_ll_rcc.o(.ARM.exidx.text.LL_RCC_HSI_GetFreq), (8 bytes).
    Removing py32f002b_ll_rcc.o(.text.LL_RCC_HSE_IsBypass), (20 bytes).
    Removing py32f002b_ll_rcc.o(.ARM.exidx.text.LL_RCC_HSE_IsBypass), (8 bytes).
    Removing py32f002b_ll_rcc.o(.text.LL_RCC_LSI_IsReady), (16 bytes).
    Removing py32f002b_ll_rcc.o(.ARM.exidx.text.LL_RCC_LSI_IsReady), (8 bytes).
    Removing py32f002b_ll_rcc.o(.text.LL_RCC_LSI_GetFreq), (88 bytes).
    Removing py32f002b_ll_rcc.o(.ARM.exidx.text.LL_RCC_LSI_GetFreq), (8 bytes).
    Removing py32f002b_ll_rcc.o(.text.LL_RCC_LSE_IsReady), (16 bytes).
    Removing py32f002b_ll_rcc.o(.ARM.exidx.text.LL_RCC_LSE_IsReady), (8 bytes).
    Removing py32f002b_ll_rcc.o(.text.LL_RCC_GetMCODiv), (24 bytes).
    Removing py32f002b_ll_rcc.o(.ARM.exidx.text.LL_RCC_GetMCODiv), (8 bytes).
    Removing py32f002b_ll_rcc.o(.text.LL_RCC_GetLSCClockFreq), (82 bytes).
    Removing py32f002b_ll_rcc.o(.ARM.exidx.text.LL_RCC_GetLSCClockFreq), (8 bytes).
    Removing py32f002b_ll_rcc.o(.text.LL_RCC_LSCO_GetSource), (16 bytes).
    Removing py32f002b_ll_rcc.o(.ARM.exidx.text.LL_RCC_LSCO_GetSource), (8 bytes).
    Removing py32f002b_ll_rcc.o(.text.LL_RCC_GetCOMPClockFreq), (152 bytes).
    Removing py32f002b_ll_rcc.o(.ARM.exidx.text.LL_RCC_GetCOMPClockFreq), (8 bytes).
    Removing py32f002b_ll_rcc.o(.text.LL_RCC_GetCOMPClockSource), (24 bytes).
    Removing py32f002b_ll_rcc.o(.ARM.exidx.text.LL_RCC_GetCOMPClockSource), (8 bytes).
    Removing py32f002b_ll_rcc.o(.text.LL_RCC_GetLPTIMClockFreq), (148 bytes).
    Removing py32f002b_ll_rcc.o(.ARM.exidx.text.LL_RCC_GetLPTIMClockFreq), (8 bytes).
    Removing py32f002b_ll_rcc.o(.text.LL_RCC_GetLPTIMClockSource), (24 bytes).
    Removing py32f002b_ll_rcc.o(.ARM.exidx.text.LL_RCC_GetLPTIMClockSource), (8 bytes).
    Removing py32f002b_ll_rcc.o(.text.LL_RCC_GetHSIDiv), (16 bytes).
    Removing py32f002b_ll_rcc.o(.ARM.exidx.text.LL_RCC_GetHSIDiv), (8 bytes).
    Removing py32f002b_ll_rcc.o(.text.LL_RCC_GetAHBPrescaler), (16 bytes).
    Removing py32f002b_ll_rcc.o(.ARM.exidx.text.LL_RCC_GetAHBPrescaler), (8 bytes).
    Removing py32f002b_ll_rcc.o(.text.LL_RCC_GetAPB1Prescaler), (16 bytes).
    Removing py32f002b_ll_rcc.o(.ARM.exidx.text.LL_RCC_GetAPB1Prescaler), (8 bytes).
    Removing py32f002b_ll_rcc.o(.text.LL_RCC_LSI_GetCalibTrimming), (20 bytes).
    Removing py32f002b_ll_rcc.o(.ARM.exidx.text.LL_RCC_LSI_GetCalibTrimming), (8 bytes).
    Removing py32f002b_ll_spi.o(.text), (0 bytes).
    Removing py32f002b_ll_spi.o(.text.LL_SPI_DeInit), (60 bytes).
    Removing py32f002b_ll_spi.o(.ARM.exidx.text.LL_SPI_DeInit), (8 bytes).
    Removing py32f002b_ll_spi.o(.text.LL_APB1_GRP2_ForceReset), (24 bytes).
    Removing py32f002b_ll_spi.o(.ARM.exidx.text.LL_APB1_GRP2_ForceReset), (8 bytes).
    Removing py32f002b_ll_spi.o(.text.LL_APB1_GRP2_ReleaseReset), (24 bytes).
    Removing py32f002b_ll_spi.o(.ARM.exidx.text.LL_APB1_GRP2_ReleaseReset), (8 bytes).
    Removing py32f002b_ll_spi.o(.text.LL_SPI_Init), (124 bytes).
    Removing py32f002b_ll_spi.o(.ARM.exidx.text.LL_SPI_Init), (8 bytes).
    Removing py32f002b_ll_spi.o(.text.LL_SPI_IsEnabled), (18 bytes).
    Removing py32f002b_ll_spi.o(.ARM.exidx.text.LL_SPI_IsEnabled), (8 bytes).
    Removing py32f002b_ll_spi.o(.text.LL_SPI_StructInit), (42 bytes).
    Removing py32f002b_ll_spi.o(.ARM.exidx.text.LL_SPI_StructInit), (8 bytes).
    Removing py32f002b_ll_tim.o(.text), (0 bytes).
    Removing py32f002b_ll_tim.o(.text.LL_TIM_DeInit), (96 bytes).
    Removing py32f002b_ll_tim.o(.ARM.exidx.text.LL_TIM_DeInit), (8 bytes).
    Removing py32f002b_ll_tim.o(.text.LL_APB1_GRP2_ForceReset), (24 bytes).
    Removing py32f002b_ll_tim.o(.ARM.exidx.text.LL_APB1_GRP2_ForceReset), (8 bytes).
    Removing py32f002b_ll_tim.o(.text.LL_APB1_GRP2_ReleaseReset), (24 bytes).
    Removing py32f002b_ll_tim.o(.ARM.exidx.text.LL_APB1_GRP2_ReleaseReset), (8 bytes).
    Removing py32f002b_ll_tim.o(.text.LL_APB1_GRP1_ForceReset), (24 bytes).
    Removing py32f002b_ll_tim.o(.ARM.exidx.text.LL_APB1_GRP1_ForceReset), (8 bytes).
    Removing py32f002b_ll_tim.o(.text.LL_APB1_GRP1_ReleaseReset), (24 bytes).
    Removing py32f002b_ll_tim.o(.ARM.exidx.text.LL_APB1_GRP1_ReleaseReset), (8 bytes).
    Removing py32f002b_ll_tim.o(.text.LL_TIM_StructInit), (32 bytes).
    Removing py32f002b_ll_tim.o(.ARM.exidx.text.LL_TIM_StructInit), (8 bytes).
    Removing py32f002b_ll_tim.o(.text.LL_TIM_Init), (156 bytes).
    Removing py32f002b_ll_tim.o(.ARM.exidx.text.LL_TIM_Init), (8 bytes).
    Removing py32f002b_ll_tim.o(.text.LL_TIM_SetAutoReload), (16 bytes).
    Removing py32f002b_ll_tim.o(.ARM.exidx.text.LL_TIM_SetAutoReload), (8 bytes).
    Removing py32f002b_ll_tim.o(.text.LL_TIM_SetPrescaler), (16 bytes).
    Removing py32f002b_ll_tim.o(.ARM.exidx.text.LL_TIM_SetPrescaler), (8 bytes).
    Removing py32f002b_ll_tim.o(.text.LL_TIM_SetRepetitionCounter), (16 bytes).
    Removing py32f002b_ll_tim.o(.ARM.exidx.text.LL_TIM_SetRepetitionCounter), (8 bytes).
    Removing py32f002b_ll_tim.o(.text.LL_TIM_GenerateEvent_UPDATE), (18 bytes).
    Removing py32f002b_ll_tim.o(.ARM.exidx.text.LL_TIM_GenerateEvent_UPDATE), (8 bytes).
    Removing py32f002b_ll_tim.o(.text.LL_TIM_OC_StructInit), (42 bytes).
    Removing py32f002b_ll_tim.o(.ARM.exidx.text.LL_TIM_OC_StructInit), (8 bytes).
    Removing py32f002b_ll_tim.o(.text.LL_TIM_OC_Init), (124 bytes).
    Removing py32f002b_ll_tim.o(.ARM.exidx.text.LL_TIM_OC_Init), (8 bytes).
    Removing py32f002b_ll_tim.o(.text.OC1Config), (216 bytes).
    Removing py32f002b_ll_tim.o(.ARM.exidx.text.OC1Config), (8 bytes).
    Removing py32f002b_ll_tim.o(.text.OC2Config), (228 bytes).
    Removing py32f002b_ll_tim.o(.ARM.exidx.text.OC2Config), (8 bytes).
    Removing py32f002b_ll_tim.o(.text.OC3Config), (224 bytes).
    Removing py32f002b_ll_tim.o(.ARM.exidx.text.OC3Config), (8 bytes).
    Removing py32f002b_ll_tim.o(.text.OC4Config), (184 bytes).
    Removing py32f002b_ll_tim.o(.ARM.exidx.text.OC4Config), (8 bytes).
    Removing py32f002b_ll_tim.o(.text.LL_TIM_IC_StructInit), (30 bytes).
    Removing py32f002b_ll_tim.o(.ARM.exidx.text.LL_TIM_IC_StructInit), (8 bytes).
    Removing py32f002b_ll_tim.o(.text.LL_TIM_IC_Init), (124 bytes).
    Removing py32f002b_ll_tim.o(.ARM.exidx.text.LL_TIM_IC_Init), (8 bytes).
    Removing py32f002b_ll_tim.o(.text.IC1Config), (72 bytes).
    Removing py32f002b_ll_tim.o(.ARM.exidx.text.IC1Config), (8 bytes).
    Removing py32f002b_ll_tim.o(.text.IC2Config), (76 bytes).
    Removing py32f002b_ll_tim.o(.ARM.exidx.text.IC2Config), (8 bytes).
    Removing py32f002b_ll_tim.o(.text.IC3Config), (78 bytes).
    Removing py32f002b_ll_tim.o(.ARM.exidx.text.IC3Config), (8 bytes).
    Removing py32f002b_ll_tim.o(.text.IC4Config), (80 bytes).
    Removing py32f002b_ll_tim.o(.ARM.exidx.text.IC4Config), (8 bytes).
    Removing py32f002b_ll_tim.o(.text.LL_TIM_ENCODER_StructInit), (50 bytes).
    Removing py32f002b_ll_tim.o(.ARM.exidx.text.LL_TIM_ENCODER_StructInit), (8 bytes).
    Removing py32f002b_ll_tim.o(.text.LL_TIM_ENCODER_Init), (176 bytes).
    Removing py32f002b_ll_tim.o(.ARM.exidx.text.LL_TIM_ENCODER_Init), (8 bytes).
    Removing py32f002b_ll_tim.o(.text.LL_TIM_SetEncoderMode), (26 bytes).
    Removing py32f002b_ll_tim.o(.ARM.exidx.text.LL_TIM_SetEncoderMode), (8 bytes).
    Removing py32f002b_ll_tim.o(.text.LL_TIM_HALLSENSOR_StructInit), (26 bytes).
    Removing py32f002b_ll_tim.o(.ARM.exidx.text.LL_TIM_HALLSENSOR_StructInit), (8 bytes).
    Removing py32f002b_ll_tim.o(.text.LL_TIM_HALLSENSOR_Init), (202 bytes).
    Removing py32f002b_ll_tim.o(.ARM.exidx.text.LL_TIM_HALLSENSOR_Init), (8 bytes).
    Removing py32f002b_ll_tim.o(.text.LL_TIM_OC_SetCompareCH2), (16 bytes).
    Removing py32f002b_ll_tim.o(.ARM.exidx.text.LL_TIM_OC_SetCompareCH2), (8 bytes).
    Removing py32f002b_ll_tim.o(.text.LL_TIM_BDTR_StructInit), (38 bytes).
    Removing py32f002b_ll_tim.o(.ARM.exidx.text.LL_TIM_BDTR_StructInit), (8 bytes).
    Removing py32f002b_ll_tim.o(.text.LL_TIM_BDTR_Init), (130 bytes).
    Removing py32f002b_ll_tim.o(.ARM.exidx.text.LL_TIM_BDTR_Init), (8 bytes).
    Removing py32f002b_ll_tim.o(.text.LL_TIM_OC_SetCompareCH1), (16 bytes).
    Removing py32f002b_ll_tim.o(.ARM.exidx.text.LL_TIM_OC_SetCompareCH1), (8 bytes).
    Removing py32f002b_ll_tim.o(.text.LL_TIM_OC_SetCompareCH3), (16 bytes).
    Removing py32f002b_ll_tim.o(.ARM.exidx.text.LL_TIM_OC_SetCompareCH3), (8 bytes).
    Removing py32f002b_ll_tim.o(.text.LL_TIM_OC_SetCompareCH4), (16 bytes).
    Removing py32f002b_ll_tim.o(.ARM.exidx.text.LL_TIM_OC_SetCompareCH4), (8 bytes).
    Removing py32f002b_ll_usart.o(.text), (0 bytes).
    Removing py32f002b_ll_usart.o(.text.LL_USART_DeInit), (60 bytes).
    Removing py32f002b_ll_usart.o(.ARM.exidx.text.LL_USART_DeInit), (8 bytes).
    Removing py32f002b_ll_usart.o(.text.LL_APB1_GRP2_ForceReset), (24 bytes).
    Removing py32f002b_ll_usart.o(.ARM.exidx.text.LL_APB1_GRP2_ForceReset), (8 bytes).
    Removing py32f002b_ll_usart.o(.text.LL_APB1_GRP2_ReleaseReset), (24 bytes).
    Removing py32f002b_ll_usart.o(.ARM.exidx.text.LL_APB1_GRP2_ReleaseReset), (8 bytes).
    Removing py32f002b_ll_usart.o(.text.LL_USART_Init), (160 bytes).
    Removing py32f002b_ll_usart.o(.ARM.exidx.text.LL_USART_Init), (8 bytes).
    Removing py32f002b_ll_usart.o(.text.LL_USART_IsEnabled), (20 bytes).
    Removing py32f002b_ll_usart.o(.ARM.exidx.text.LL_USART_IsEnabled), (8 bytes).
    Removing py32f002b_ll_usart.o(.text.LL_USART_SetStopBitsLength), (28 bytes).
    Removing py32f002b_ll_usart.o(.ARM.exidx.text.LL_USART_SetStopBitsLength), (8 bytes).
    Removing py32f002b_ll_usart.o(.text.LL_USART_SetHWFlowCtrl), (28 bytes).
    Removing py32f002b_ll_usart.o(.ARM.exidx.text.LL_USART_SetHWFlowCtrl), (8 bytes).
    Removing py32f002b_ll_usart.o(.text.LL_USART_SetBaudRate), (178 bytes).
    Removing py32f002b_ll_usart.o(.ARM.exidx.text.LL_USART_SetBaudRate), (8 bytes).
    Removing py32f002b_ll_usart.o(.text.LL_USART_StructInit), (44 bytes).
    Removing py32f002b_ll_usart.o(.ARM.exidx.text.LL_USART_StructInit), (8 bytes).
    Removing py32f002b_ll_usart.o(.text.LL_USART_ClockInit), (98 bytes).
    Removing py32f002b_ll_usart.o(.ARM.exidx.text.LL_USART_ClockInit), (8 bytes).
    Removing py32f002b_ll_usart.o(.text.LL_USART_DisableSCLKOutput), (20 bytes).
    Removing py32f002b_ll_usart.o(.ARM.exidx.text.LL_USART_DisableSCLKOutput), (8 bytes).
    Removing py32f002b_ll_usart.o(.text.LL_USART_ClockStructInit), (26 bytes).
    Removing py32f002b_ll_usart.o(.ARM.exidx.text.LL_USART_ClockStructInit), (8 bytes).
    Removing py32f002b_ll_utils.o(.text), (0 bytes).
    Removing py32f002b_ll_utils.o(.text.LL_Init1msTick), (20 bytes).
    Removing py32f002b_ll_utils.o(.ARM.exidx.text.LL_Init1msTick), (8 bytes).
    Removing py32f002b_ll_utils.o(.text.LL_InitTick), (52 bytes).
    Removing py32f002b_ll_utils.o(.ARM.exidx.text.LL_InitTick), (8 bytes).
    Removing py32f002b_ll_utils.o(.text.LL_mDelay), (76 bytes).
    Removing py32f002b_ll_utils.o(.ARM.exidx.text.LL_mDelay), (8 bytes).
    Removing py32f002b_ll_utils.o(.text.LL_SetSystemCoreClock), (20 bytes).
    Removing py32f002b_ll_utils.o(.ARM.exidx.text.LL_SetSystemCoreClock), (8 bytes).
    Removing py32f002b_ll_utils.o(.text.LL_SetFlashLatency), (160 bytes).
    Removing py32f002b_ll_utils.o(.ARM.exidx.text.LL_SetFlashLatency), (8 bytes).
    Removing py32f002b_ll_utils.o(.text.LL_FLASH_SetLatency), (28 bytes).
    Removing py32f002b_ll_utils.o(.ARM.exidx.text.LL_FLASH_SetLatency), (8 bytes).
    Removing py32f002b_ll_utils.o(.text.LL_FLASH_GetLatency), (16 bytes).
    Removing py32f002b_ll_utils.o(.ARM.exidx.text.LL_FLASH_GetLatency), (8 bytes).
    Removing system_py32f002b.o(.text), (0 bytes).
    Removing system_py32f002b.o(.text.SystemCoreClockUpdate), (300 bytes).
    Removing system_py32f002b.o(.ARM.exidx.text.SystemCoreClockUpdate), (8 bytes).
    Removing system_py32f002b.o(.ARM.exidx.text.SystemInit), (8 bytes).
    Removing system_py32f002b.o(.ARM.exidx.text.DelayTime), (8 bytes).
    Removing system_py32f002b.o(.rodata.AHBPrescTable), (64 bytes).
    Removing system_py32f002b.o(.rodata.HSIFreqTable), (32 bytes).

1373 unused section(s) (total 79616 bytes) removed from the image.

==============================================================================

Image Symbol Table

    Local Symbols

    Symbol Name                              Value     Ov Type        Size  Object(Section)

    ../clib/angel/boardlib.s                 0x00000000   Number         0  boardinit1.o ABSOLUTE
    ../clib/angel/boardlib.s                 0x00000000   Number         0  boardinit2.o ABSOLUTE
    ../clib/angel/boardlib.s                 0x00000000   Number         0  boardinit3.o ABSOLUTE
    ../clib/angel/boardlib.s                 0x00000000   Number         0  boardshut.o ABSOLUTE
    ../clib/angel/handlers.s                 0x00000000   Number         0  __scatter_copy.o ABSOLUTE
    ../clib/angel/handlers.s                 0x00000000   Number         0  __scatter_zi.o ABSOLUTE
    ../clib/angel/kernel.s                   0x00000000   Number         0  __rtentry.o ABSOLUTE
    ../clib/angel/kernel.s                   0x00000000   Number         0  __rtentry2.o ABSOLUTE
    ../clib/angel/kernel.s                   0x00000000   Number         0  __rtentry4.o ABSOLUTE
    ../clib/angel/kernel.s                   0x00000000   Number         0  rtexit.o ABSOLUTE
    ../clib/angel/kernel.s                   0x00000000   Number         0  rtexit2.o ABSOLUTE
    ../clib/angel/rt.s                       0x00000000   Number         0  aeabi_idiv0.o ABSOLUTE
    ../clib/angel/rt.s                       0x00000000   Number         0  aeabi_idiv0_sigfpe.o ABSOLUTE
    ../clib/angel/rt.s                       0x00000000   Number         0  rt_div0.o ABSOLUTE
    ../clib/angel/rt.s                       0x00000000   Number         0  rt_raise.o ABSOLUTE
    ../clib/angel/scatterp.s                 0x00000000   Number         0  __scatter.o ABSOLUTE
    ../clib/angel/startup.s                  0x00000000   Number         0  __main.o ABSOLUTE
    ../clib/angel/sys.s                      0x00000000   Number         0  sys_stackheap_outer.o ABSOLUTE
    ../clib/angel/sys.s                      0x00000000   Number         0  libspace.o ABSOLUTE
    ../clib/angel/sys.s                      0x00000000   Number         0  tempstk.o ABSOLUTE
    ../clib/angel/sys.s                      0x00000000   Number         0  use_no_semi.o ABSOLUTE
    ../clib/angel/sys.s                      0x00000000   Number         0  indicate_semi.o ABSOLUTE
    ../clib/angel/sysapp.c                   0x00000000   Number         0  sys_exit.o ABSOLUTE
    ../clib/angel/sysapp.c                   0x00000000   Number         0  sys_exit_hlt.o ABSOLUTE
    ../clib/angel/sysapp.c                   0x00000000   Number         0  sys_wrch.o ABSOLUTE
    ../clib/angel/sysapp.c                   0x00000000   Number         0  sys_wrch_hlt.o ABSOLUTE
    ../clib/angel/sysapp.c                   0x00000000   Number         0  sys_command.o ABSOLUTE
    ../clib/angel/sysapp.c                   0x00000000   Number         0  sys_command_hlt.o ABSOLUTE
    ../clib/armsys.c                         0x00000000   Number         0  argv_veneer.o ABSOLUTE
    ../clib/armsys.c                         0x00000000   Number         0  _get_argv_nomalloc.o ABSOLUTE
    ../clib/armsys.c                         0x00000000   Number         0  no_argv.o ABSOLUTE
    ../clib/division.s                       0x00000000   Number         0  aeabi_sdiv.o ABSOLUTE
    ../clib/division.s                       0x00000000   Number         0  aeabi_sdiv_div0.o ABSOLUTE
    ../clib/heapalloc.c                      0x00000000   Number         0  hrguard.o ABSOLUTE
    ../clib/heapaux.c                        0x00000000   Number         0  heapauxi.o ABSOLUTE
    ../clib/libinit.s                        0x00000000   Number         0  libinit.o ABSOLUTE
    ../clib/libinit.s                        0x00000000   Number         0  libinit2.o ABSOLUTE
    ../clib/libinit.s                        0x00000000   Number         0  libshutdown.o ABSOLUTE
    ../clib/libinit.s                        0x00000000   Number         0  libshutdown2.o ABSOLUTE
    ../clib/memcpset.c                       0x00000000   Number         0  rt_memcpy.o ABSOLUTE
    ../clib/memcpset.c                       0x00000000   Number         0  rt_memcpy.o ABSOLUTE
    ../clib/signal.c                         0x00000000   Number         0  defsig_fpe_outer.o ABSOLUTE
    ../clib/signal.c                         0x00000000   Number         0  defsig_fpe_formal.o ABSOLUTE
    ../clib/signal.c                         0x00000000   Number         0  defsig_exit.o ABSOLUTE
    ../clib/signal.c                         0x00000000   Number         0  defsig_fpe_inner.o ABSOLUTE
    ../clib/signal.c                         0x00000000   Number         0  __raise.o ABSOLUTE
    ../clib/signal.c                         0x00000000   Number         0  defsig_general.o ABSOLUTE
    ../clib/signal.c                         0x00000000   Number         0  defsig_abrt_inner.o ABSOLUTE
    ../clib/signal.c                         0x00000000   Number         0  defsig_rtred_inner.o ABSOLUTE
    ../clib/signal.c                         0x00000000   Number         0  defsig_rtmem_inner.o ABSOLUTE
    ../clib/signal.c                         0x00000000   Number         0  defsig_rtmem_outer.o ABSOLUTE
    ../clib/signal.c                         0x00000000   Number         0  defsig_rtmem_formal.o ABSOLUTE
    ../clib/signal.c                         0x00000000   Number         0  defsig_stak_inner.o ABSOLUTE
    ../clib/signal.c                         0x00000000   Number         0  defsig_pvfn_inner.o ABSOLUTE
    ../clib/signal.c                         0x00000000   Number         0  defsig_cppl_inner.o ABSOLUTE
    ../clib/signal.c                         0x00000000   Number         0  defsig_segv_inner.o ABSOLUTE
    ../clib/signal.c                         0x00000000   Number         0  defsig_other.o ABSOLUTE
    ../clib/signal.s                         0x00000000   Number         0  defsig.o ABSOLUTE
    ../clib/stdlib.c                         0x00000000   Number         0  exit.o ABSOLUTE
    ../fplib/cfplib/fpinit.c                 0x00000000   Number         0  fpinit.o ABSOLUTE
    RTE/Device/PY32F002Bx5/startup_py32f002bx5.s 0x00000000   Number         0  startup_py32f002bx5.o ABSOLUTE
    dc.s                                     0x00000000   Number         0  dc.o ABSOLUTE
    fifo.c                                   0x00000000   Number         0  fifo.o ABSOLUTE
    io_iic.c                                 0x00000000   Number         0  io_iic.o ABSOLUTE
    key.c                                    0x00000000   Number         0  key.o ABSOLUTE
    main.c                                   0x00000000   Number         0  main.o ABSOLUTE
    pcf8574.c                                0x00000000   Number         0  pcf8574.o ABSOLUTE
    py32f002b_OPT.s                          0x00000000   Number         0  py32f002b_opt.o ABSOLUTE
    py32f002b_hal.c                          0x00000000   Number         0  py32f002b_hal.o ABSOLUTE
    py32f002b_hal_adc.c                      0x00000000   Number         0  py32f002b_hal_adc.o ABSOLUTE
    py32f002b_hal_comp.c                     0x00000000   Number         0  py32f002b_hal_comp.o ABSOLUTE
    py32f002b_hal_cortex.c                   0x00000000   Number         0  py32f002b_hal_cortex.o ABSOLUTE
    py32f002b_hal_crc.c                      0x00000000   Number         0  py32f002b_hal_crc.o ABSOLUTE
    py32f002b_hal_exti.c                     0x00000000   Number         0  py32f002b_hal_exti.o ABSOLUTE
    py32f002b_hal_flash.c                    0x00000000   Number         0  py32f002b_hal_flash.o ABSOLUTE
    py32f002b_hal_gpio.c                     0x00000000   Number         0  py32f002b_hal_gpio.o ABSOLUTE
    py32f002b_hal_i2c.c                      0x00000000   Number         0  py32f002b_hal_i2c.o ABSOLUTE
    py32f002b_hal_iwdg.c                     0x00000000   Number         0  py32f002b_hal_iwdg.o ABSOLUTE
    py32f002b_hal_lptim.c                    0x00000000   Number         0  py32f002b_hal_lptim.o ABSOLUTE
    py32f002b_hal_pwr.c                      0x00000000   Number         0  py32f002b_hal_pwr.o ABSOLUTE
    py32f002b_hal_rcc.c                      0x00000000   Number         0  py32f002b_hal_rcc.o ABSOLUTE
    py32f002b_hal_rcc_ex.c                   0x00000000   Number         0  py32f002b_hal_rcc_ex.o ABSOLUTE
    py32f002b_hal_spi.c                      0x00000000   Number         0  py32f002b_hal_spi.o ABSOLUTE
    py32f002b_hal_tim.c                      0x00000000   Number         0  py32f002b_hal_tim.o ABSOLUTE
    py32f002b_hal_tim_ex.c                   0x00000000   Number         0  py32f002b_hal_tim_ex.o ABSOLUTE
    py32f002b_hal_uart.c                     0x00000000   Number         0  py32f002b_hal_uart.o ABSOLUTE
    py32f002b_hal_usart.c                    0x00000000   Number         0  py32f002b_hal_usart.o ABSOLUTE
    py32f002b_it.c                           0x00000000   Number         0  py32f002b_it.o ABSOLUTE
    py32f002b_ll_adc.c                       0x00000000   Number         0  py32f002b_ll_adc.o ABSOLUTE
    py32f002b_ll_comp.c                      0x00000000   Number         0  py32f002b_ll_comp.o ABSOLUTE
    py32f002b_ll_crc.c                       0x00000000   Number         0  py32f002b_ll_crc.o ABSOLUTE
    py32f002b_ll_exti.c                      0x00000000   Number         0  py32f002b_ll_exti.o ABSOLUTE
    py32f002b_ll_gpio.c                      0x00000000   Number         0  py32f002b_ll_gpio.o ABSOLUTE
    py32f002b_ll_i2c.c                       0x00000000   Number         0  py32f002b_ll_i2c.o ABSOLUTE
    py32f002b_ll_lptim.c                     0x00000000   Number         0  py32f002b_ll_lptim.o ABSOLUTE
    py32f002b_ll_pwr.c                       0x00000000   Number         0  py32f002b_ll_pwr.o ABSOLUTE
    py32f002b_ll_rcc.c                       0x00000000   Number         0  py32f002b_ll_rcc.o ABSOLUTE
    py32f002b_ll_spi.c                       0x00000000   Number         0  py32f002b_ll_spi.o ABSOLUTE
    py32f002b_ll_tim.c                       0x00000000   Number         0  py32f002b_ll_tim.o ABSOLUTE
    py32f002b_ll_usart.c                     0x00000000   Number         0  py32f002b_ll_usart.o ABSOLUTE
    py32f002b_ll_utils.c                     0x00000000   Number         0  py32f002b_ll_utils.o ABSOLUTE
    system_py32f002b.c                       0x00000000   Number         0  system_py32f002b.o ABSOLUTE
    uart.c                                   0x00000000   Number         0  uart.o ABSOLUTE
    RESET                                    0x08000000   Section      192  startup_py32f002bx5.o(RESET)
    !!!main                                  0x080000c0   Section        8  __main.o(!!!main)
    !!!scatter                               0x080000c8   Section       84  __scatter.o(!!!scatter)
    !!handler_copy                           0x0800011c   Section       26  __scatter_copy.o(!!handler_copy)
    !!handler_null                           0x08000138   Section        2  __scatter.o(!!handler_null)
    !!handler_zi                             0x0800013c   Section       28  __scatter_zi.o(!!handler_zi)
    .ARM.Collect$$libinit$$00000000          0x08000158   Section        2  libinit.o(.ARM.Collect$$libinit$$00000000)
    .ARM.Collect$$libinit$$00000002          0x0800015a   Section        0  libinit2.o(.ARM.Collect$$libinit$$00000002)
    .ARM.Collect$$libinit$$00000004          0x0800015a   Section        0  libinit2.o(.ARM.Collect$$libinit$$00000004)
    .ARM.Collect$$libinit$$00000006          0x0800015a   Section        0  libinit2.o(.ARM.Collect$$libinit$$00000006)
    .ARM.Collect$$libinit$$0000000C          0x0800015a   Section        0  libinit2.o(.ARM.Collect$$libinit$$0000000C)
    .ARM.Collect$$libinit$$0000000E          0x0800015a   Section        0  libinit2.o(.ARM.Collect$$libinit$$0000000E)
    .ARM.Collect$$libinit$$00000010          0x0800015a   Section        0  libinit2.o(.ARM.Collect$$libinit$$00000010)
    .ARM.Collect$$libinit$$00000013          0x0800015a   Section        0  libinit2.o(.ARM.Collect$$libinit$$00000013)
    .ARM.Collect$$libinit$$00000015          0x0800015a   Section        0  libinit2.o(.ARM.Collect$$libinit$$00000015)
    .ARM.Collect$$libinit$$00000017          0x0800015a   Section        0  libinit2.o(.ARM.Collect$$libinit$$00000017)
    .ARM.Collect$$libinit$$00000019          0x0800015a   Section        0  libinit2.o(.ARM.Collect$$libinit$$00000019)
    .ARM.Collect$$libinit$$0000001B          0x0800015a   Section        0  libinit2.o(.ARM.Collect$$libinit$$0000001B)
    .ARM.Collect$$libinit$$0000001D          0x0800015a   Section        0  libinit2.o(.ARM.Collect$$libinit$$0000001D)
    .ARM.Collect$$libinit$$0000001F          0x0800015a   Section        0  libinit2.o(.ARM.Collect$$libinit$$0000001F)
    .ARM.Collect$$libinit$$00000021          0x0800015a   Section        0  libinit2.o(.ARM.Collect$$libinit$$00000021)
    .ARM.Collect$$libinit$$00000023          0x0800015a   Section        0  libinit2.o(.ARM.Collect$$libinit$$00000023)
    .ARM.Collect$$libinit$$00000025          0x0800015a   Section        0  libinit2.o(.ARM.Collect$$libinit$$00000025)
    .ARM.Collect$$libinit$$00000027          0x0800015a   Section        0  libinit2.o(.ARM.Collect$$libinit$$00000027)
    .ARM.Collect$$libinit$$0000002E          0x0800015a   Section        0  libinit2.o(.ARM.Collect$$libinit$$0000002E)
    .ARM.Collect$$libinit$$00000030          0x0800015a   Section        0  libinit2.o(.ARM.Collect$$libinit$$00000030)
    .ARM.Collect$$libinit$$00000032          0x0800015a   Section        0  libinit2.o(.ARM.Collect$$libinit$$00000032)
    .ARM.Collect$$libinit$$00000034          0x0800015a   Section        0  libinit2.o(.ARM.Collect$$libinit$$00000034)
    .ARM.Collect$$libinit$$00000035          0x0800015a   Section        2  libinit2.o(.ARM.Collect$$libinit$$00000035)
    .ARM.Collect$$libshutdown$$00000000      0x0800015c   Section        2  libshutdown.o(.ARM.Collect$$libshutdown$$00000000)
    .ARM.Collect$$libshutdown$$00000002      0x0800015e   Section        0  libshutdown2.o(.ARM.Collect$$libshutdown$$00000002)
    .ARM.Collect$$libshutdown$$00000004      0x0800015e   Section        0  libshutdown2.o(.ARM.Collect$$libshutdown$$00000004)
    .ARM.Collect$$libshutdown$$00000007      0x0800015e   Section        0  libshutdown2.o(.ARM.Collect$$libshutdown$$00000007)
    .ARM.Collect$$libshutdown$$0000000A      0x0800015e   Section        0  libshutdown2.o(.ARM.Collect$$libshutdown$$0000000A)
    .ARM.Collect$$libshutdown$$0000000C      0x0800015e   Section        0  libshutdown2.o(.ARM.Collect$$libshutdown$$0000000C)
    .ARM.Collect$$libshutdown$$0000000F      0x0800015e   Section        0  libshutdown2.o(.ARM.Collect$$libshutdown$$0000000F)
    .ARM.Collect$$libshutdown$$00000010      0x0800015e   Section        2  libshutdown2.o(.ARM.Collect$$libshutdown$$00000010)
    .ARM.Collect$$rtentry$$00000000          0x08000160   Section        0  __rtentry.o(.ARM.Collect$$rtentry$$00000000)
    .ARM.Collect$$rtentry$$00000002          0x08000160   Section        0  __rtentry2.o(.ARM.Collect$$rtentry$$00000002)
    .ARM.Collect$$rtentry$$00000004          0x08000160   Section        6  __rtentry4.o(.ARM.Collect$$rtentry$$00000004)
    .ARM.Collect$$rtentry$$00000009          0x08000166   Section        0  __rtentry2.o(.ARM.Collect$$rtentry$$00000009)
    .ARM.Collect$$rtentry$$0000000A          0x08000166   Section        4  __rtentry2.o(.ARM.Collect$$rtentry$$0000000A)
    .ARM.Collect$$rtentry$$0000000C          0x0800016a   Section        0  __rtentry2.o(.ARM.Collect$$rtentry$$0000000C)
    .ARM.Collect$$rtentry$$0000000D          0x0800016a   Section        8  __rtentry2.o(.ARM.Collect$$rtentry$$0000000D)
    .ARM.Collect$$rtexit$$00000000           0x08000172   Section        2  rtexit.o(.ARM.Collect$$rtexit$$00000000)
    .ARM.Collect$$rtexit$$00000002           0x08000174   Section        0  rtexit2.o(.ARM.Collect$$rtexit$$00000002)
    .ARM.Collect$$rtexit$$00000003           0x08000174   Section        4  rtexit2.o(.ARM.Collect$$rtexit$$00000003)
    .ARM.Collect$$rtexit$$00000004           0x08000178   Section        6  rtexit2.o(.ARM.Collect$$rtexit$$00000004)
    .text                                    0x08000180   Section       52  startup_py32f002bx5.o(.text)
    .text                                    0x080001b4   Section      364  aeabi_sdiv.o(.text)
    .text                                    0x08000320   Section        0  heapauxi.o(.text)
    .text                                    0x08000326   Section       62  sys_stackheap_outer.o(.text)
    .text                                    0x08000364   Section        0  exit.o(.text)
    .text                                    0x08000374   Section        8  libspace.o(.text)
    .text                                    0x0800037c   Section        0  sys_exit.o(.text)
    .text                                    0x08000388   Section        2  use_no_semi.o(.text)
    .text                                    0x0800038a   Section        0  indicate_semi.o(.text)
    DelayTime                                0x0800038d   Thumb Code    36  system_py32f002b.o(.text.DelayTime)
    [Anonymous Symbol]                       0x0800038c   Section        0  system_py32f002b.o(.text.DelayTime)
    __arm_cp.2_0                             0x080003b0   Number         4  system_py32f002b.o(.text.DelayTime)
    [Anonymous Symbol]                       0x080003b4   Section        0  py32f002b_hal.o(.text.HAL_Delay)
    [Anonymous Symbol]                       0x080003f4   Section        0  py32f002b_hal_gpio.o(.text.HAL_GPIO_Init)
    __arm_cp.0_0                             0x08000678   Number         4  py32f002b_hal_gpio.o(.text.HAL_GPIO_Init)
    __arm_cp.0_1                             0x0800067c   Number         4  py32f002b_hal_gpio.o(.text.HAL_GPIO_Init)
    __arm_cp.0_2                             0x08000680   Number         4  py32f002b_hal_gpio.o(.text.HAL_GPIO_Init)
    __arm_cp.0_3                             0x08000684   Number         4  py32f002b_hal_gpio.o(.text.HAL_GPIO_Init)
    __arm_cp.0_4                             0x08000688   Number         4  py32f002b_hal_gpio.o(.text.HAL_GPIO_Init)
    __arm_cp.0_5                             0x0800068c   Number         4  py32f002b_hal_gpio.o(.text.HAL_GPIO_Init)
    [Anonymous Symbol]                       0x08000690   Section        0  py32f002b_hal_gpio.o(.text.HAL_GPIO_ReadPin)
    [Anonymous Symbol]                       0x080006c2   Section        0  py32f002b_hal_gpio.o(.text.HAL_GPIO_TogglePin)
    [Anonymous Symbol]                       0x080006f4   Section        0  py32f002b_hal_gpio.o(.text.HAL_GPIO_WritePin)
    [Anonymous Symbol]                       0x08000720   Section        0  py32f002b_hal.o(.text.HAL_GetTick)
    [Anonymous Symbol]                       0x08000728   Section        0  py32f002b_hal.o(.text.HAL_IncTick)
    __arm_cp.5_0                             0x08000738   Number         4  py32f002b_hal.o(.text.HAL_IncTick)
    __arm_cp.5_1                             0x0800073c   Number         4  py32f002b_hal.o(.text.HAL_IncTick)
    [Anonymous Symbol]                       0x08000740   Section        0  py32f002b_hal.o(.text.HAL_Init)
    [Anonymous Symbol]                       0x0800076c   Section        0  py32f002b_hal.o(.text.HAL_InitTick)
    __arm_cp.1_0                             0x080007e4   Number         4  py32f002b_hal.o(.text.HAL_InitTick)
    __arm_cp.1_2                             0x080007e8   Number         4  py32f002b_hal.o(.text.HAL_InitTick)
    [Anonymous Symbol]                       0x080007ec   Section        0  py32f002b_hal.o(.text.HAL_MspInit)
    [Anonymous Symbol]                       0x080007ee   Section        0  py32f002b_hal_cortex.o(.text.HAL_NVIC_EnableIRQ)
    [Anonymous Symbol]                       0x08000804   Section        0  py32f002b_hal_cortex.o(.text.HAL_NVIC_SetPriority)
    [Anonymous Symbol]                       0x08000820   Section        0  py32f002b_hal_rcc.o(.text.HAL_RCC_GetHCLKFreq)
    __arm_cp.5_0                             0x08000828   Number         4  py32f002b_hal_rcc.o(.text.HAL_RCC_GetHCLKFreq)
    [Anonymous Symbol]                       0x0800082c   Section        0  py32f002b_hal_rcc.o(.text.HAL_RCC_GetPCLK1Freq)
    __arm_cp.6_0                             0x0800084c   Number         4  py32f002b_hal_rcc.o(.text.HAL_RCC_GetPCLK1Freq)
    __arm_cp.6_1                             0x08000850   Number         4  py32f002b_hal_rcc.o(.text.HAL_RCC_GetPCLK1Freq)
    [Anonymous Symbol]                       0x08000854   Section        0  py32f002b_hal_cortex.o(.text.HAL_SYSTICK_Config)
    [Anonymous Symbol]                       0x08000864   Section        0  py32f002b_hal_uart.o(.text.HAL_UART_Init)
    [Anonymous Symbol]                       0x0800091a   Section        0  py32f002b_hal_uart.o(.text.HAL_UART_MspInit)
    [Anonymous Symbol]                       0x08000922   Section        0  py32f002b_it.o(.text.HardFault_Handler)
    LL_USART_IsActiveFlag_TXE                0x08000927   Thumb Code    16  uart.o(.text.LL_USART_IsActiveFlag_TXE)
    [Anonymous Symbol]                       0x08000926   Section        0  uart.o(.text.LL_USART_IsActiveFlag_TXE)
    LL_USART_TransmitData8                   0x08000937   Thumb Code    18  uart.o(.text.LL_USART_TransmitData8)
    [Anonymous Symbol]                       0x08000936   Section        0  uart.o(.text.LL_USART_TransmitData8)
    [Anonymous Symbol]                       0x08000948   Section        0  py32f002b_it.o(.text.NMI_Handler)
    [Anonymous Symbol]                       0x0800094a   Section        0  py32f002b_it.o(.text.PendSV_Handler)
    [Anonymous Symbol]                       0x0800094c   Section        0  py32f002b_it.o(.text.SVC_Handler)
    SysTick_Config                           0x08000951   Thumb Code    68  py32f002b_hal_cortex.o(.text.SysTick_Config)
    [Anonymous Symbol]                       0x08000950   Section        0  py32f002b_hal_cortex.o(.text.SysTick_Config)
    __arm_cp.9_0                             0x08000994   Number         4  py32f002b_hal_cortex.o(.text.SysTick_Config)
    __arm_cp.9_1                             0x08000998   Number         4  py32f002b_hal_cortex.o(.text.SysTick_Config)
    __arm_cp.9_2                             0x0800099c   Number         4  py32f002b_hal_cortex.o(.text.SysTick_Config)
    [Anonymous Symbol]                       0x080009a0   Section        0  py32f002b_it.o(.text.SysTick_Handler)
    [Anonymous Symbol]                       0x080009a8   Section        0  system_py32f002b.o(.text.SystemInit)
    __arm_cp.1_0                             0x080009dc   Number         4  system_py32f002b.o(.text.SystemInit)
    __arm_cp.1_1                             0x080009e0   Number         4  system_py32f002b.o(.text.SystemInit)
    __arm_cp.1_2                             0x080009e4   Number         4  system_py32f002b.o(.text.SystemInit)
    __arm_cp.1_3                             0x080009e8   Number         4  system_py32f002b.o(.text.SystemInit)
    __arm_cp.1_4                             0x080009ec   Number         4  system_py32f002b.o(.text.SystemInit)
    __arm_cp.1_5                             0x080009f0   Number         4  system_py32f002b.o(.text.SystemInit)
    UART_AdvFeatureConfig                    0x080009f5   Thumb Code    80  py32f002b_hal_uart.o(.text.UART_AdvFeatureConfig)
    [Anonymous Symbol]                       0x080009f4   Section        0  py32f002b_hal_uart.o(.text.UART_AdvFeatureConfig)
    UART_SetConfig                           0x08000a45   Thumb Code   296  py32f002b_hal_uart.o(.text.UART_SetConfig)
    [Anonymous Symbol]                       0x08000a44   Section        0  py32f002b_hal_uart.o(.text.UART_SetConfig)
    __arm_cp.2_0                             0x08000b6c   Number         4  py32f002b_hal_uart.o(.text.UART_SetConfig)
    __NVIC_EnableIRQ                         0x08000b71   Thumb Code    40  py32f002b_hal_cortex.o(.text.__NVIC_EnableIRQ)
    [Anonymous Symbol]                       0x08000b70   Section        0  py32f002b_hal_cortex.o(.text.__NVIC_EnableIRQ)
    __arm_cp.3_0                             0x08000b98   Number         4  py32f002b_hal_cortex.o(.text.__NVIC_EnableIRQ)
    __NVIC_SetPriority                       0x08000b9d   Thumb Code   124  py32f002b_hal_cortex.o(.text.__NVIC_SetPriority)
    [Anonymous Symbol]                       0x08000b9c   Section        0  py32f002b_hal_cortex.o(.text.__NVIC_SetPriority)
    __arm_cp.1_0                             0x08000c18   Number         4  py32f002b_hal_cortex.o(.text.__NVIC_SetPriority)
    __arm_cp.1_1                             0x08000c1c   Number         4  py32f002b_hal_cortex.o(.text.__NVIC_SetPriority)
    [Anonymous Symbol]                       0x08000c20   Section        0  main.o(.text.diff_u32)
    [Anonymous Symbol]                       0x08000c4a   Section        0  io_iic.o(.text.io_iic_deinit)
    io_iic_deinit_port                       0x08000c6f   Thumb Code     2  key.o(.text.io_iic_deinit_port)
    [Anonymous Symbol]                       0x08000c6e   Section        0  key.o(.text.io_iic_deinit_port)
    io_iic_delay_us_port                     0x08000c71   Thumb Code    28  key.o(.text.io_iic_delay_us_port)
    [Anonymous Symbol]                       0x08000c70   Section        0  key.o(.text.io_iic_delay_us_port)
    [Anonymous Symbol]                       0x08000c8c   Section        0  io_iic.o(.text.io_iic_init)
    io_iic_init_port                         0x08000cb1   Thumb Code    72  key.o(.text.io_iic_init_port)
    [Anonymous Symbol]                       0x08000cb0   Section        0  key.o(.text.io_iic_init_port)
    __arm_cp.15_0                            0x08000cf8   Number         4  key.o(.text.io_iic_init_port)
    [Anonymous Symbol]                       0x08000cfc   Section        0  io_iic.o(.text.io_iic_read)
    io_iic_scl_write_port                    0x08000e31   Thumb Code    28  key.o(.text.io_iic_scl_write_port)
    [Anonymous Symbol]                       0x08000e30   Section        0  key.o(.text.io_iic_scl_write_port)
    io_iic_sda_2read_port                    0x08000e4d   Thumb Code    32  key.o(.text.io_iic_sda_2read_port)
    [Anonymous Symbol]                       0x08000e4c   Section        0  key.o(.text.io_iic_sda_2read_port)
    io_iic_sda_read_port                     0x08000e6d   Thumb Code    20  key.o(.text.io_iic_sda_read_port)
    [Anonymous Symbol]                       0x08000e6c   Section        0  key.o(.text.io_iic_sda_read_port)
    io_iic_sda_write_port                    0x08000e81   Thumb Code    60  key.o(.text.io_iic_sda_write_port)
    [Anonymous Symbol]                       0x08000e80   Section        0  key.o(.text.io_iic_sda_write_port)
    __arm_cp.11_0                            0x08000ebc   Number         4  key.o(.text.io_iic_sda_write_port)
    [Anonymous Symbol]                       0x08000ec0   Section        0  io_iic.o(.text.io_iic_start)
    [Anonymous Symbol]                       0x08000f14   Section        0  io_iic.o(.text.io_iic_stop)
    [Anonymous Symbol]                       0x08000f66   Section        0  io_iic.o(.text.io_iic_write)
    [Anonymous Symbol]                       0x080010ac   Section        0  key.o(.text.key_init)
    [Anonymous Symbol]                       0x080010b8   Section        0  key.o(.text.key_read)
    __arm_cp.9_0                             0x080010cc   Number         4  key.o(.text.key_read)
    [Anonymous Symbol]                       0x080010d0   Section        0  main.o(.text.led_init)
    [Anonymous Symbol]                       0x08001104   Section        0  main.o(.text.main)
    __arm_cp.2_0                             0x080011a8   Number         4  main.o(.text.main)
    __arm_cp.2_1                             0x080011ac   Number         4  main.o(.text.main)
    __arm_cp.2_2                             0x080011b0   Number         4  main.o(.text.main)
    pcf8574_iic_deinit_port                  0x080011b5   Thumb Code    12  key.o(.text.pcf8574_iic_deinit_port)
    [Anonymous Symbol]                       0x080011b4   Section        0  key.o(.text.pcf8574_iic_deinit_port)
    pcf8574_iic_init_port                    0x080011c1   Thumb Code    12  key.o(.text.pcf8574_iic_init_port)
    [Anonymous Symbol]                       0x080011c0   Section        0  key.o(.text.pcf8574_iic_init_port)
    pcf8574_iic_read_port                    0x080011cd   Thumb Code    24  key.o(.text.pcf8574_iic_read_port)
    [Anonymous Symbol]                       0x080011cc   Section        0  key.o(.text.pcf8574_iic_read_port)
    pcf8574_iic_start_port                   0x080011e5   Thumb Code    12  key.o(.text.pcf8574_iic_start_port)
    [Anonymous Symbol]                       0x080011e4   Section        0  key.o(.text.pcf8574_iic_start_port)
    pcf8574_iic_stop_port                    0x080011f1   Thumb Code    12  key.o(.text.pcf8574_iic_stop_port)
    [Anonymous Symbol]                       0x080011f0   Section        0  key.o(.text.pcf8574_iic_stop_port)
    pcf8574_iic_write_port                   0x080011fd   Thumb Code    24  key.o(.text.pcf8574_iic_write_port)
    [Anonymous Symbol]                       0x080011fc   Section        0  key.o(.text.pcf8574_iic_write_port)
    __arm_cp.3_0                             0x08001214   Number         4  key.o(.text.pcf8574_iic_write_port)
    [Anonymous Symbol]                       0x08001218   Section        0  pcf8574.o(.text.pcf8574_init)
    [Anonymous Symbol]                       0x08001228   Section        0  pcf8574.o(.text.pcf8574_read)
    [Anonymous Symbol]                       0x08001290   Section        0  uart.o(.text.uart_init)
    __arm_cp.3_0                             0x08001324   Number         4  uart.o(.text.uart_init)
    __arm_cp.3_1                             0x08001328   Number         4  uart.o(.text.uart_init)
    [Anonymous Symbol]                       0x0800132c   Section        0  uart.o(.text.uart_send)
    __arm_cp.4_0                             0x08001370   Number         4  uart.o(.text.uart_send)
    [Anonymous Symbol]                       0x08001394   Section        0  main.o(.rodata.str1.1)
    iic_dev                                  0x20000004   Data          32  key.o(.data.iic_dev)
    [Anonymous Symbol]                       0x20000004   Section        0  key.o(.data.iic_dev)
    s_key_buf                                0x20000040   Data           4  main.o(.data.s_key_buf)
    [Anonymous Symbol]                       0x20000040   Section        0  main.o(.data.s_key_buf)
    .bss                                     0x20000050   Section       96  libspace.o(.bss)
    Heap_Mem                                 0x200000b8   Data           0  startup_py32f002bx5.o(HEAP)
    Stack_Mem                                0x200000b8   Data        1024  startup_py32f002bx5.o(STACK)
    HEAP                                     0x200000b8   Section        0  startup_py32f002bx5.o(HEAP)
    STACK                                    0x200000b8   Section     1024  startup_py32f002bx5.o(STACK)
    __initial_sp                             0x200004b8   Data           0  startup_py32f002bx5.o(STACK)

    Global Symbols

    Symbol Name                              Value     Ov Type        Size  Object(Section)

    BuildAttributes$$THM_ISAv3M$S$PE$A:L22$X:L11$S22$IEEE1$IW$~IW$USESV6$~STKCKD$USESV7$~SHL$OSPACE$ROPI$EBA8$UX$STANDARDLIB$REQ8$PRES8$EABIv2 0x00000000   Number         0  anon$$obj.o ABSOLUTE
    __ARM_exceptions_init                     - Undefined Weak Reference
    __alloca_initialize                       - Undefined Weak Reference
    __arm_preinit_                            - Undefined Weak Reference
    __arm_relocate_pie_                       - Undefined Weak Reference
    __cpp_initialize__aeabi_                  - Undefined Weak Reference
    __cxa_finalize                            - Undefined Weak Reference
    __rt_locale                               - Undefined Weak Reference
    __sigvec_lookup                           - Undefined Weak Reference
    _atexit_init                              - Undefined Weak Reference
    _call_atexit_fns                          - Undefined Weak Reference
    _clock_init                               - Undefined Weak Reference
    _fp_trap_init                             - Undefined Weak Reference
    _fp_trap_shutdown                         - Undefined Weak Reference
    _get_lc_collate                           - Undefined Weak Reference
    _get_lc_ctype                             - Undefined Weak Reference
    _get_lc_monetary                          - Undefined Weak Reference
    _get_lc_numeric                           - Undefined Weak Reference
    _get_lc_time                              - Undefined Weak Reference
    _getenv_init                              - Undefined Weak Reference
    _handle_redirection                       - Undefined Weak Reference
    _init_alloc                               - Undefined Weak Reference
    _init_user_alloc                          - Undefined Weak Reference
    _initio                                   - Undefined Weak Reference
    _rand_init                                - Undefined Weak Reference
    _signal_finish                            - Undefined Weak Reference
    _signal_init                              - Undefined Weak Reference
    _terminate_alloc                          - Undefined Weak Reference
    _terminate_user_alloc                     - Undefined Weak Reference
    _terminateio                              - Undefined Weak Reference
    __Vectors_Size                           0x000000c0   Number         0  startup_py32f002bx5.o ABSOLUTE
    __Vectors                                0x08000000   Data           4  startup_py32f002bx5.o(RESET)
    __Vectors_End                            0x080000c0   Data           0  startup_py32f002bx5.o(RESET)
    __main                                   0x080000c1   Thumb Code     8  __main.o(!!!main)
    __scatterload                            0x080000c9   Thumb Code     0  __scatter.o(!!!scatter)
    __scatterload_rt2                        0x080000c9   Thumb Code    74  __scatter.o(!!!scatter)
    __scatterload_rt2_thumb_only             0x080000c9   Thumb Code     0  __scatter.o(!!!scatter)
    __scatterload_loop                       0x080000d3   Thumb Code     0  __scatter.o(!!!scatter)
    __scatterload_copy                       0x0800011d   Thumb Code    26  __scatter_copy.o(!!handler_copy)
    __scatterload_null                       0x08000139   Thumb Code     2  __scatter.o(!!handler_null)
    __scatterload_zeroinit                   0x0800013d   Thumb Code    28  __scatter_zi.o(!!handler_zi)
    __rt_lib_init                            0x08000159   Thumb Code     0  libinit.o(.ARM.Collect$$libinit$$00000000)
    __rt_lib_init_alloca_1                   0x0800015b   Thumb Code     0  libinit2.o(.ARM.Collect$$libinit$$00000030)
    __rt_lib_init_argv_1                     0x0800015b   Thumb Code     0  libinit2.o(.ARM.Collect$$libinit$$0000002E)
    __rt_lib_init_atexit_1                   0x0800015b   Thumb Code     0  libinit2.o(.ARM.Collect$$libinit$$0000001D)
    __rt_lib_init_clock_1                    0x0800015b   Thumb Code     0  libinit2.o(.ARM.Collect$$libinit$$00000023)
    __rt_lib_init_cpp_1                      0x0800015b   Thumb Code     0  libinit2.o(.ARM.Collect$$libinit$$00000034)
    __rt_lib_init_exceptions_1               0x0800015b   Thumb Code     0  libinit2.o(.ARM.Collect$$libinit$$00000032)
    __rt_lib_init_fp_1                       0x0800015b   Thumb Code     0  libinit2.o(.ARM.Collect$$libinit$$00000002)
    __rt_lib_init_fp_trap_1                  0x0800015b   Thumb Code     0  libinit2.o(.ARM.Collect$$libinit$$00000021)
    __rt_lib_init_getenv_1                   0x0800015b   Thumb Code     0  libinit2.o(.ARM.Collect$$libinit$$00000025)
    __rt_lib_init_heap_1                     0x0800015b   Thumb Code     0  libinit2.o(.ARM.Collect$$libinit$$0000000C)
    __rt_lib_init_lc_collate_1               0x0800015b   Thumb Code     0  libinit2.o(.ARM.Collect$$libinit$$00000013)
    __rt_lib_init_lc_ctype_1                 0x0800015b   Thumb Code     0  libinit2.o(.ARM.Collect$$libinit$$00000015)
    __rt_lib_init_lc_monetary_1              0x0800015b   Thumb Code     0  libinit2.o(.ARM.Collect$$libinit$$00000017)
    __rt_lib_init_lc_numeric_1               0x0800015b   Thumb Code     0  libinit2.o(.ARM.Collect$$libinit$$00000019)
    __rt_lib_init_lc_time_1                  0x0800015b   Thumb Code     0  libinit2.o(.ARM.Collect$$libinit$$0000001B)
    __rt_lib_init_preinit_1                  0x0800015b   Thumb Code     0  libinit2.o(.ARM.Collect$$libinit$$00000006)
    __rt_lib_init_rand_1                     0x0800015b   Thumb Code     0  libinit2.o(.ARM.Collect$$libinit$$00000010)
    __rt_lib_init_relocate_pie_1             0x0800015b   Thumb Code     0  libinit2.o(.ARM.Collect$$libinit$$00000004)
    __rt_lib_init_return                     0x0800015b   Thumb Code     0  libinit2.o(.ARM.Collect$$libinit$$00000035)
    __rt_lib_init_signal_1                   0x0800015b   Thumb Code     0  libinit2.o(.ARM.Collect$$libinit$$0000001F)
    __rt_lib_init_stdio_1                    0x0800015b   Thumb Code     0  libinit2.o(.ARM.Collect$$libinit$$00000027)
    __rt_lib_init_user_alloc_1               0x0800015b   Thumb Code     0  libinit2.o(.ARM.Collect$$libinit$$0000000E)
    __rt_lib_shutdown                        0x0800015d   Thumb Code     0  libshutdown.o(.ARM.Collect$$libshutdown$$00000000)
    __rt_lib_shutdown_cpp_1                  0x0800015f   Thumb Code     0  libshutdown2.o(.ARM.Collect$$libshutdown$$00000002)
    __rt_lib_shutdown_fp_trap_1              0x0800015f   Thumb Code     0  libshutdown2.o(.ARM.Collect$$libshutdown$$00000007)
    __rt_lib_shutdown_heap_1                 0x0800015f   Thumb Code     0  libshutdown2.o(.ARM.Collect$$libshutdown$$0000000F)
    __rt_lib_shutdown_return                 0x0800015f   Thumb Code     0  libshutdown2.o(.ARM.Collect$$libshutdown$$00000010)
    __rt_lib_shutdown_signal_1               0x0800015f   Thumb Code     0  libshutdown2.o(.ARM.Collect$$libshutdown$$0000000A)
    __rt_lib_shutdown_stdio_1                0x0800015f   Thumb Code     0  libshutdown2.o(.ARM.Collect$$libshutdown$$00000004)
    __rt_lib_shutdown_user_alloc_1           0x0800015f   Thumb Code     0  libshutdown2.o(.ARM.Collect$$libshutdown$$0000000C)
    __rt_entry                               0x08000161   Thumb Code     0  __rtentry.o(.ARM.Collect$$rtentry$$00000000)
    __rt_entry_presh_1                       0x08000161   Thumb Code     0  __rtentry2.o(.ARM.Collect$$rtentry$$00000002)
    __rt_entry_sh                            0x08000161   Thumb Code     0  __rtentry4.o(.ARM.Collect$$rtentry$$00000004)
    __rt_entry_li                            0x08000167   Thumb Code     0  __rtentry2.o(.ARM.Collect$$rtentry$$0000000A)
    __rt_entry_postsh_1                      0x08000167   Thumb Code     0  __rtentry2.o(.ARM.Collect$$rtentry$$00000009)
    __rt_entry_main                          0x0800016b   Thumb Code     0  __rtentry2.o(.ARM.Collect$$rtentry$$0000000D)
    __rt_entry_postli_1                      0x0800016b   Thumb Code     0  __rtentry2.o(.ARM.Collect$$rtentry$$0000000C)
    __rt_exit                                0x08000173   Thumb Code     0  rtexit.o(.ARM.Collect$$rtexit$$00000000)
    __rt_exit_ls                             0x08000175   Thumb Code     0  rtexit2.o(.ARM.Collect$$rtexit$$00000003)
    __rt_exit_prels_1                        0x08000175   Thumb Code     0  rtexit2.o(.ARM.Collect$$rtexit$$00000002)
    __rt_exit_exit                           0x08000179   Thumb Code     0  rtexit2.o(.ARM.Collect$$rtexit$$00000004)
    Reset_Handler                            0x08000181   Thumb Code     8  startup_py32f002bx5.o(.text)
    ADC_COMP_IRQHandler                      0x08000193   Thumb Code     0  startup_py32f002bx5.o(.text)
    EXTI0_1_IRQHandler                       0x08000193   Thumb Code     0  startup_py32f002bx5.o(.text)
    EXTI2_3_IRQHandler                       0x08000193   Thumb Code     0  startup_py32f002bx5.o(.text)
    EXTI4_15_IRQHandler                      0x08000193   Thumb Code     0  startup_py32f002bx5.o(.text)
    FLASH_IRQHandler                         0x08000193   Thumb Code     0  startup_py32f002bx5.o(.text)
    I2C1_IRQHandler                          0x08000193   Thumb Code     0  startup_py32f002bx5.o(.text)
    LPTIM1_IRQHandler                        0x08000193   Thumb Code     0  startup_py32f002bx5.o(.text)
    RCC_IRQHandler                           0x08000193   Thumb Code     0  startup_py32f002bx5.o(.text)
    SPI1_IRQHandler                          0x08000193   Thumb Code     0  startup_py32f002bx5.o(.text)
    TIM16_IRQHandler                         0x08000193   Thumb Code     0  startup_py32f002bx5.o(.text)
    TIM1_BRK_UP_TRG_COM_IRQHandler           0x08000193   Thumb Code     0  startup_py32f002bx5.o(.text)
    TIM1_CC_IRQHandler                       0x08000193   Thumb Code     0  startup_py32f002bx5.o(.text)
    USART1_IRQHandler                        0x08000193   Thumb Code     0  startup_py32f002bx5.o(.text)
    __user_initial_stackheap                 0x08000195   Thumb Code     0  startup_py32f002bx5.o(.text)
    __aeabi_uidiv                            0x080001b5   Thumb Code     0  aeabi_sdiv.o(.text)
    __aeabi_uidivmod                         0x080001b5   Thumb Code    20  aeabi_sdiv.o(.text)
    __aeabi_idiv                             0x080001c9   Thumb Code     0  aeabi_sdiv.o(.text)
    __aeabi_idivmod                          0x080001c9   Thumb Code   338  aeabi_sdiv.o(.text)
    __use_two_region_memory                  0x08000321   Thumb Code     2  heapauxi.o(.text)
    __rt_heap_escrow$2region                 0x08000323   Thumb Code     2  heapauxi.o(.text)
    __rt_heap_expand$2region                 0x08000325   Thumb Code     2  heapauxi.o(.text)
    __user_setup_stackheap                   0x08000327   Thumb Code    62  sys_stackheap_outer.o(.text)
    exit                                     0x08000365   Thumb Code    16  exit.o(.text)
    __user_libspace                          0x08000375   Thumb Code     8  libspace.o(.text)
    __user_perproc_libspace                  0x08000375   Thumb Code     0  libspace.o(.text)
    __user_perthread_libspace                0x08000375   Thumb Code     0  libspace.o(.text)
    _sys_exit                                0x0800037d   Thumb Code     8  sys_exit.o(.text)
    __I$use$semihosting                      0x08000389   Thumb Code     0  use_no_semi.o(.text)
    __use_no_semihosting_swi                 0x08000389   Thumb Code     2  use_no_semi.o(.text)
    __semihosting_library_function           0x0800038b   Thumb Code     0  indicate_semi.o(.text)
    HAL_Delay                                0x080003b5   Thumb Code    64  py32f002b_hal.o(.text.HAL_Delay)
    HAL_GPIO_Init                            0x080003f5   Thumb Code   644  py32f002b_hal_gpio.o(.text.HAL_GPIO_Init)
    HAL_GPIO_ReadPin                         0x08000691   Thumb Code    50  py32f002b_hal_gpio.o(.text.HAL_GPIO_ReadPin)
    HAL_GPIO_TogglePin                       0x080006c3   Thumb Code    50  py32f002b_hal_gpio.o(.text.HAL_GPIO_TogglePin)
    HAL_GPIO_WritePin                        0x080006f5   Thumb Code    44  py32f002b_hal_gpio.o(.text.HAL_GPIO_WritePin)
    HAL_GetTick                              0x08000721   Thumb Code     8  py32f002b_hal.o(.text.HAL_GetTick)
    HAL_IncTick                              0x08000729   Thumb Code    16  py32f002b_hal.o(.text.HAL_IncTick)
    HAL_Init                                 0x08000741   Thumb Code    44  py32f002b_hal.o(.text.HAL_Init)
    HAL_InitTick                             0x0800076d   Thumb Code   120  py32f002b_hal.o(.text.HAL_InitTick)
    HAL_MspInit                              0x080007ed   Thumb Code     2  py32f002b_hal.o(.text.HAL_MspInit)
    HAL_NVIC_EnableIRQ                       0x080007ef   Thumb Code    22  py32f002b_hal_cortex.o(.text.HAL_NVIC_EnableIRQ)
    HAL_NVIC_SetPriority                     0x08000805   Thumb Code    28  py32f002b_hal_cortex.o(.text.HAL_NVIC_SetPriority)
    HAL_RCC_GetHCLKFreq                      0x08000821   Thumb Code     8  py32f002b_hal_rcc.o(.text.HAL_RCC_GetHCLKFreq)
    HAL_RCC_GetPCLK1Freq                     0x0800082d   Thumb Code    32  py32f002b_hal_rcc.o(.text.HAL_RCC_GetPCLK1Freq)
    HAL_SYSTICK_Config                       0x08000855   Thumb Code    16  py32f002b_hal_cortex.o(.text.HAL_SYSTICK_Config)
    HAL_UART_Init                            0x08000865   Thumb Code   182  py32f002b_hal_uart.o(.text.HAL_UART_Init)
    HAL_UART_MspInit                         0x0800091b   Thumb Code     8  py32f002b_hal_uart.o(.text.HAL_UART_MspInit)
    HardFault_Handler                        0x08000923   Thumb Code     4  py32f002b_it.o(.text.HardFault_Handler)
    NMI_Handler                              0x08000949   Thumb Code     2  py32f002b_it.o(.text.NMI_Handler)
    PendSV_Handler                           0x0800094b   Thumb Code     2  py32f002b_it.o(.text.PendSV_Handler)
    SVC_Handler                              0x0800094d   Thumb Code     2  py32f002b_it.o(.text.SVC_Handler)
    SysTick_Handler                          0x080009a1   Thumb Code     8  py32f002b_it.o(.text.SysTick_Handler)
    SystemInit                               0x080009a9   Thumb Code    52  system_py32f002b.o(.text.SystemInit)
    diff_u32                                 0x08000c21   Thumb Code    42  main.o(.text.diff_u32)
    io_iic_deinit                            0x08000c4b   Thumb Code    36  io_iic.o(.text.io_iic_deinit)
    io_iic_init                              0x08000c8d   Thumb Code    36  io_iic.o(.text.io_iic_init)
    io_iic_read                              0x08000cfd   Thumb Code   308  io_iic.o(.text.io_iic_read)
    io_iic_start                             0x08000ec1   Thumb Code    84  io_iic.o(.text.io_iic_start)
    io_iic_stop                              0x08000f15   Thumb Code    82  io_iic.o(.text.io_iic_stop)
    io_iic_write                             0x08000f67   Thumb Code   326  io_iic.o(.text.io_iic_write)
    key_init                                 0x080010ad   Thumb Code    12  key.o(.text.key_init)
    key_read                                 0x080010b9   Thumb Code    20  key.o(.text.key_read)
    led_init                                 0x080010d1   Thumb Code    52  main.o(.text.led_init)
    main                                     0x08001105   Thumb Code   164  main.o(.text.main)
    pcf8574_init                             0x08001219   Thumb Code    16  pcf8574.o(.text.pcf8574_init)
    pcf8574_read                             0x08001229   Thumb Code   102  pcf8574.o(.text.pcf8574_read)
    uart_init                                0x08001291   Thumb Code   148  uart.o(.text.uart_init)
    uart_send                                0x0800132d   Thumb Code    68  uart.o(.text.uart_send)
    APBPrescTable                            0x08001374   Data          32  system_py32f002b.o(.rodata.APBPrescTable)
    Region$$Table$$Base                      0x080013ac   Number         0  anon$$obj.o(Region$$Table)
    Region$$Table$$Limit                     0x080013cc   Number         0  anon$$obj.o(Region$$Table)
    SystemCoreClock                          0x20000000   Data           4  system_py32f002b.o(.data.SystemCoreClock)
    pcf8574_dev                              0x20000024   Data          28  key.o(.data.pcf8574_dev)
    uwTickFreq                               0x20000044   Data           4  py32f002b_hal.o(.data.uwTickFreq)
    uwTickPrio                               0x20000048   Data           4  py32f002b_hal.o(.data.uwTickPrio)
    __libspace_start                         0x20000050   Data          96  libspace.o(.bss)
    __temporary_stack_top$libspace           0x200000b0   Data           0  libspace.o(.bss)
    uwTick                                   0x200000b0   Data           4  py32f002b_hal.o(.bss.uwTick)



==============================================================================

Memory Map of the image

  Image Entry point : 0x080000c1

  Load Region LR_IROM1 (Base: 0x08000000, Size: 0x00001420, Max: 0x00006000, ABSOLUTE)

    Execution Region ER_IROM1 (Exec base: 0x08000000, Load base: 0x08000000, Size: 0x000013cc, Max: 0x00006000, ABSOLUTE)

    Exec Addr    Load Addr    Size         Type   Attr      Idx    E Section Name        Object

    0x08000000   0x08000000   0x000000c0   Data   RO         1667    RESET               startup_py32f002bx5.o
    0x080000c0   0x080000c0   0x00000008   Code   RO         1703  * !!!main             c_p.l(__main.o)
    0x080000c8   0x080000c8   0x00000054   Code   RO         1880    !!!scatter          c_p.l(__scatter.o)
    0x0800011c   0x0800011c   0x0000001a   Code   RO         1884    !!handler_copy      c_p.l(__scatter_copy.o)
    0x08000136   0x08000136   0x00000002   PAD
    0x08000138   0x08000138   0x00000002   Code   RO         1881    !!handler_null      c_p.l(__scatter.o)
    0x0800013a   0x0800013a   0x00000002   PAD
    0x0800013c   0x0800013c   0x0000001c   Code   RO         1886    !!handler_zi        c_p.l(__scatter_zi.o)
    0x08000158   0x08000158   0x00000002   Code   RO         1741    .ARM.Collect$$libinit$$00000000  c_p.l(libinit.o)
    0x0800015a   0x0800015a   0x00000000   Code   RO         1755    .ARM.Collect$$libinit$$00000002  c_p.l(libinit2.o)
    0x0800015a   0x0800015a   0x00000000   Code   RO         1757    .ARM.Collect$$libinit$$00000004  c_p.l(libinit2.o)
    0x0800015a   0x0800015a   0x00000000   Code   RO         1759    .ARM.Collect$$libinit$$00000006  c_p.l(libinit2.o)
    0x0800015a   0x0800015a   0x00000000   Code   RO         1762    .ARM.Collect$$libinit$$0000000C  c_p.l(libinit2.o)
    0x0800015a   0x0800015a   0x00000000   Code   RO         1764    .ARM.Collect$$libinit$$0000000E  c_p.l(libinit2.o)
    0x0800015a   0x0800015a   0x00000000   Code   RO         1766    .ARM.Collect$$libinit$$00000010  c_p.l(libinit2.o)
    0x0800015a   0x0800015a   0x00000000   Code   RO         1769    .ARM.Collect$$libinit$$00000013  c_p.l(libinit2.o)
    0x0800015a   0x0800015a   0x00000000   Code   RO         1771    .ARM.Collect$$libinit$$00000015  c_p.l(libinit2.o)
    0x0800015a   0x0800015a   0x00000000   Code   RO         1773    .ARM.Collect$$libinit$$00000017  c_p.l(libinit2.o)
    0x0800015a   0x0800015a   0x00000000   Code   RO         1775    .ARM.Collect$$libinit$$00000019  c_p.l(libinit2.o)
    0x0800015a   0x0800015a   0x00000000   Code   RO         1777    .ARM.Collect$$libinit$$0000001B  c_p.l(libinit2.o)
    0x0800015a   0x0800015a   0x00000000   Code   RO         1779    .ARM.Collect$$libinit$$0000001D  c_p.l(libinit2.o)
    0x0800015a   0x0800015a   0x00000000   Code   RO         1781    .ARM.Collect$$libinit$$0000001F  c_p.l(libinit2.o)
    0x0800015a   0x0800015a   0x00000000   Code   RO         1783    .ARM.Collect$$libinit$$00000021  c_p.l(libinit2.o)
    0x0800015a   0x0800015a   0x00000000   Code   RO         1785    .ARM.Collect$$libinit$$00000023  c_p.l(libinit2.o)
    0x0800015a   0x0800015a   0x00000000   Code   RO         1787    .ARM.Collect$$libinit$$00000025  c_p.l(libinit2.o)
    0x0800015a   0x0800015a   0x00000000   Code   RO         1789    .ARM.Collect$$libinit$$00000027  c_p.l(libinit2.o)
    0x0800015a   0x0800015a   0x00000000   Code   RO         1793    .ARM.Collect$$libinit$$0000002E  c_p.l(libinit2.o)
    0x0800015a   0x0800015a   0x00000000   Code   RO         1795    .ARM.Collect$$libinit$$00000030  c_p.l(libinit2.o)
    0x0800015a   0x0800015a   0x00000000   Code   RO         1797    .ARM.Collect$$libinit$$00000032  c_p.l(libinit2.o)
    0x0800015a   0x0800015a   0x00000000   Code   RO         1799    .ARM.Collect$$libinit$$00000034  c_p.l(libinit2.o)
    0x0800015a   0x0800015a   0x00000002   Code   RO         1800    .ARM.Collect$$libinit$$00000035  c_p.l(libinit2.o)
    0x0800015c   0x0800015c   0x00000002   Code   RO         1835    .ARM.Collect$$libshutdown$$00000000  c_p.l(libshutdown.o)
    0x0800015e   0x0800015e   0x00000000   Code   RO         1863    .ARM.Collect$$libshutdown$$00000002  c_p.l(libshutdown2.o)
    0x0800015e   0x0800015e   0x00000000   Code   RO         1865    .ARM.Collect$$libshutdown$$00000004  c_p.l(libshutdown2.o)
    0x0800015e   0x0800015e   0x00000000   Code   RO         1868    .ARM.Collect$$libshutdown$$00000007  c_p.l(libshutdown2.o)
    0x0800015e   0x0800015e   0x00000000   Code   RO         1871    .ARM.Collect$$libshutdown$$0000000A  c_p.l(libshutdown2.o)
    0x0800015e   0x0800015e   0x00000000   Code   RO         1873    .ARM.Collect$$libshutdown$$0000000C  c_p.l(libshutdown2.o)
    0x0800015e   0x0800015e   0x00000000   Code   RO         1876    .ARM.Collect$$libshutdown$$0000000F  c_p.l(libshutdown2.o)
    0x0800015e   0x0800015e   0x00000002   Code   RO         1877    .ARM.Collect$$libshutdown$$00000010  c_p.l(libshutdown2.o)
    0x08000160   0x08000160   0x00000000   Code   RO         1705    .ARM.Collect$$rtentry$$00000000  c_p.l(__rtentry.o)
    0x08000160   0x08000160   0x00000000   Code   RO         1711    .ARM.Collect$$rtentry$$00000002  c_p.l(__rtentry2.o)
    0x08000160   0x08000160   0x00000006   Code   RO         1723    .ARM.Collect$$rtentry$$00000004  c_p.l(__rtentry4.o)
    0x08000166   0x08000166   0x00000000   Code   RO         1713    .ARM.Collect$$rtentry$$00000009  c_p.l(__rtentry2.o)
    0x08000166   0x08000166   0x00000004   Code   RO         1714    .ARM.Collect$$rtentry$$0000000A  c_p.l(__rtentry2.o)
    0x0800016a   0x0800016a   0x00000000   Code   RO         1716    .ARM.Collect$$rtentry$$0000000C  c_p.l(__rtentry2.o)
    0x0800016a   0x0800016a   0x00000008   Code   RO         1717    .ARM.Collect$$rtentry$$0000000D  c_p.l(__rtentry2.o)
    0x08000172   0x08000172   0x00000002   Code   RO         1746    .ARM.Collect$$rtexit$$00000000  c_p.l(rtexit.o)
    0x08000174   0x08000174   0x00000000   Code   RO         1806    .ARM.Collect$$rtexit$$00000002  c_p.l(rtexit2.o)
    0x08000174   0x08000174   0x00000004   Code   RO         1807    .ARM.Collect$$rtexit$$00000003  c_p.l(rtexit2.o)
    0x08000178   0x08000178   0x00000006   Code   RO         1808    .ARM.Collect$$rtexit$$00000004  c_p.l(rtexit2.o)
    0x0800017e   0x0800017e   0x00000002   PAD
    0x08000180   0x08000180   0x00000034   Code   RO         1668    .text               startup_py32f002bx5.o
    0x080001b4   0x080001b4   0x0000016c   Code   RO         1697    .text               c_p.l(aeabi_sdiv.o)
    0x08000320   0x08000320   0x00000006   Code   RO         1701    .text               c_p.l(heapauxi.o)
    0x08000326   0x08000326   0x0000003e   Code   RO         1727    .text               c_p.l(sys_stackheap_outer.o)
    0x08000364   0x08000364   0x00000010   Code   RO         1730    .text               c_p.l(exit.o)
    0x08000374   0x08000374   0x00000008   Code   RO         1742    .text               c_p.l(libspace.o)
    0x0800037c   0x0800037c   0x0000000c   Code   RO         1801    .text               c_p.l(sys_exit.o)
    0x08000388   0x08000388   0x00000002   Code   RO         1824    .text               c_p.l(use_no_semi.o)
    0x0800038a   0x0800038a   0x00000000   Code   RO         1826    .text               c_p.l(indicate_semi.o)
    0x0800038a   0x0800038a   0x00000002   PAD
    0x0800038c   0x0800038c   0x00000028   Code   RO         1679    .text.DelayTime     system_py32f002b.o
    0x080003b4   0x080003b4   0x00000040   Code   RO          174    .text.HAL_Delay     py32f002b_hal.o
    0x080003f4   0x080003f4   0x0000029c   Code   RO          490    .text.HAL_GPIO_Init  py32f002b_hal_gpio.o
    0x08000690   0x08000690   0x00000032   Code   RO          494    .text.HAL_GPIO_ReadPin  py32f002b_hal_gpio.o
    0x080006c2   0x080006c2   0x00000032   Code   RO          498    .text.HAL_GPIO_TogglePin  py32f002b_hal_gpio.o
    0x080006f4   0x080006f4   0x0000002c   Code   RO          496    .text.HAL_GPIO_WritePin  py32f002b_hal_gpio.o
    0x08000720   0x08000720   0x00000008   Code   RO          166    .text.HAL_GetTick   py32f002b_hal.o
    0x08000728   0x08000728   0x00000018   Code   RO          164    .text.HAL_IncTick   py32f002b_hal.o
    0x08000740   0x08000740   0x0000002c   Code   RO          154    .text.HAL_Init      py32f002b_hal.o
    0x0800076c   0x0800076c   0x00000080   Code   RO          156    .text.HAL_InitTick  py32f002b_hal.o
    0x080007ec   0x080007ec   0x00000002   Code   RO          158    .text.HAL_MspInit   py32f002b_hal.o
    0x080007ee   0x080007ee   0x00000016   Code   RO          340    .text.HAL_NVIC_EnableIRQ  py32f002b_hal_cortex.o
    0x08000804   0x08000804   0x0000001c   Code   RO          336    .text.HAL_NVIC_SetPriority  py32f002b_hal_cortex.o
    0x08000820   0x08000820   0x0000000c   Code   RO          743    .text.HAL_RCC_GetHCLKFreq  py32f002b_hal_rcc.o
    0x0800082c   0x0800082c   0x00000028   Code   RO          745    .text.HAL_RCC_GetPCLK1Freq  py32f002b_hal_rcc.o
    0x08000854   0x08000854   0x00000010   Code   RO          352    .text.HAL_SYSTICK_Config  py32f002b_hal_cortex.o
    0x08000864   0x08000864   0x000000b6   Code   RO         1129    .text.HAL_UART_Init  py32f002b_hal_uart.o
    0x0800091a   0x0800091a   0x00000008   Code   RO         1131    .text.HAL_UART_MspInit  py32f002b_hal_uart.o
    0x08000922   0x08000922   0x00000004   Code   RO           20    .text.HardFault_Handler  py32f002b_it.o
    0x08000926   0x08000926   0x00000010   Code   RO          122    .text.LL_USART_IsActiveFlag_TXE  uart.o
    0x08000936   0x08000936   0x00000012   Code   RO          124    .text.LL_USART_TransmitData8  uart.o
    0x08000948   0x08000948   0x00000002   Code   RO           18    .text.NMI_Handler   py32f002b_it.o
    0x0800094a   0x0800094a   0x00000002   Code   RO           24    .text.PendSV_Handler  py32f002b_it.o
    0x0800094c   0x0800094c   0x00000002   Code   RO           22    .text.SVC_Handler   py32f002b_it.o
    0x0800094e   0x0800094e   0x00000002   PAD
    0x08000950   0x08000950   0x00000050   Code   RO          354    .text.SysTick_Config  py32f002b_hal_cortex.o
    0x080009a0   0x080009a0   0x00000008   Code   RO           26    .text.SysTick_Handler  py32f002b_it.o
    0x080009a8   0x080009a8   0x0000004c   Code   RO         1677    .text.SystemInit    system_py32f002b.o
    0x080009f4   0x080009f4   0x00000050   Code   RO         1135    .text.UART_AdvFeatureConfig  py32f002b_hal_uart.o
    0x08000a44   0x08000a44   0x0000012c   Code   RO         1133    .text.UART_SetConfig  py32f002b_hal_uart.o
    0x08000b70   0x08000b70   0x0000002c   Code   RO          342    .text.__NVIC_EnableIRQ  py32f002b_hal_cortex.o
    0x08000b9c   0x08000b9c   0x00000084   Code   RO          338    .text.__NVIC_SetPriority  py32f002b_hal_cortex.o
    0x08000c20   0x08000c20   0x0000002a   Code   RO            4    .text.diff_u32      main.o
    0x08000c4a   0x08000c4a   0x00000024   Code   RO           60    .text.io_iic_deinit  io_iic.o
    0x08000c6e   0x08000c6e   0x00000002   Code   RO          101    .text.io_iic_deinit_port  key.o
    0x08000c70   0x08000c70   0x0000001c   Code   RO           97    .text.io_iic_delay_us_port  key.o
    0x08000c8c   0x08000c8c   0x00000024   Code   RO           58    .text.io_iic_init   io_iic.o
    0x08000cb0   0x08000cb0   0x0000004c   Code   RO           99    .text.io_iic_init_port  key.o
    0x08000cfc   0x08000cfc   0x00000134   Code   RO           56    .text.io_iic_read   io_iic.o
    0x08000e30   0x08000e30   0x0000001c   Code   RO           89    .text.io_iic_scl_write_port  key.o
    0x08000e4c   0x08000e4c   0x00000020   Code   RO           93    .text.io_iic_sda_2read_port  key.o
    0x08000e6c   0x08000e6c   0x00000014   Code   RO           95    .text.io_iic_sda_read_port  key.o
    0x08000e80   0x08000e80   0x00000040   Code   RO           91    .text.io_iic_sda_write_port  key.o
    0x08000ec0   0x08000ec0   0x00000054   Code   RO           50    .text.io_iic_start  io_iic.o
    0x08000f14   0x08000f14   0x00000052   Code   RO           52    .text.io_iic_stop   io_iic.o
    0x08000f66   0x08000f66   0x00000146   Code   RO           54    .text.io_iic_write  io_iic.o
    0x080010ac   0x080010ac   0x0000000c   Code   RO           81    .text.key_init      key.o
    0x080010b8   0x080010b8   0x00000018   Code   RO           87    .text.key_read      key.o
    0x080010d0   0x080010d0   0x00000034   Code   RO            2    .text.led_init      main.o
    0x08001104   0x08001104   0x000000b0   Code   RO            6    .text.main          main.o
    0x080011b4   0x080011b4   0x0000000c   Code   RO           79    .text.pcf8574_iic_deinit_port  key.o
    0x080011c0   0x080011c0   0x0000000c   Code   RO           77    .text.pcf8574_iic_init_port  key.o
    0x080011cc   0x080011cc   0x00000018   Code   RO           73    .text.pcf8574_iic_read_port  key.o
    0x080011e4   0x080011e4   0x0000000c   Code   RO           69    .text.pcf8574_iic_start_port  key.o
    0x080011f0   0x080011f0   0x0000000c   Code   RO           71    .text.pcf8574_iic_stop_port  key.o
    0x080011fc   0x080011fc   0x0000001c   Code   RO           75    .text.pcf8574_iic_write_port  key.o
    0x08001218   0x08001218   0x00000010   Code   RO           39    .text.pcf8574_init  pcf8574.o
    0x08001228   0x08001228   0x00000066   Code   RO           35    .text.pcf8574_read  pcf8574.o
    0x0800128e   0x0800128e   0x00000002   PAD
    0x08001290   0x08001290   0x0000009c   Code   RO          118    .text.uart_init     uart.o
    0x0800132c   0x0800132c   0x00000048   Code   RO          120    .text.uart_send     uart.o
    0x08001374   0x08001374   0x00000020   Data   RO         1683    .rodata.APBPrescTable  system_py32f002b.o
    0x08001394   0x08001394   0x00000017   Data   RO            8    .rodata.str1.1      main.o
    0x080013ab   0x080013ab   0x00000001   PAD
    0x080013ac   0x080013ac   0x00000020   Data   RO         1879    Region$$Table       anon$$obj.o


    Execution Region RW_IRAM1 (Exec base: 0x20000000, Load base: 0x080013d0, Size: 0x000004b8, Max: 0x00000c00, ABSOLUTE)

    Exec Addr    Load Addr    Size         Type   Attr      Idx    E Section Name        Object

    0x20000000   0x080013d0   0x00000004   Data   RW         1681    .data.SystemCoreClock  system_py32f002b.o
    0x20000004   0x080013d4   0x00000020   Data   RW          104    .data.iic_dev       key.o
    0x20000024   0x080013f4   0x0000001c   Data   RW          103    .data.pcf8574_dev   key.o
    0x20000040   0x08001410   0x00000004   Data   RW            9    .data.s_key_buf     main.o
    0x20000044   0x08001414   0x00000004   Data   RW          215    .data.uwTickFreq    py32f002b_hal.o
    0x20000048   0x08001418   0x00000004   Data   RW          214    .data.uwTickPrio    py32f002b_hal.o
    0x2000004c   0x0800141c   0x00000004   PAD
    0x20000050        -       0x00000060   Zero   RW         1743    .bss                c_p.l(libspace.o)
    0x200000b0        -       0x00000004   Zero   RW          216    .bss.uwTick         py32f002b_hal.o
    0x200000b4   0x0800141c   0x00000004   PAD
    0x200000b8        -       0x00000000   Zero   RW         1666    HEAP                startup_py32f002bx5.o
    0x200000b8        -       0x00000400   Zero   RW         1665    STACK               startup_py32f002bx5.o


==============================================================================

Image component sizes


      Code (inc. data)   RO Data    RW Data    ZI Data      Debug   Object Name

       872          0          0          0          0       2725   io_iic.o
       386         16          0         60          0       4822   key.o
       270         12         23          4          0       2474   main.o
       118          0          0          0          0       1570   pcf8574.o
       270         16          0          8          4       6316   py32f002b_hal.o
       322         24          0          0          0       4872   py32f002b_hal_cortex.o
       812         24          0          0          0       4089   py32f002b_hal_gpio.o
        52         12          0          0          0       7236   py32f002b_hal_rcc.o
       570          4          0          0          0      10445   py32f002b_hal_uart.o
        18          0          0          0          0        658   py32f002b_it.o
        52         22        192          0       1024        652   startup_py32f002bx5.o
       116         28         32          4          0       2291   system_py32f002b.o
       262         12          0          0          0       5114   uart.o

    ----------------------------------------------------------------------
      4124        170        280         76       1036      53264   Object Totals
         0          0         32          0          0          0   (incl. Generated)
         4          0          1          0          8          0   (incl. Padding)

    ----------------------------------------------------------------------

      Code (inc. data)   RO Data    RW Data    ZI Data      Debug   Library Member Name

         8          0          0          0          0         68   __main.o
         0          0          0          0          0          0   __rtentry.o
        12          0          0          0          0          0   __rtentry2.o
         6          0          0          0          0          0   __rtentry4.o
        86         10          0          0          0          0   __scatter.o
        26          0          0          0          0          0   __scatter_copy.o
        28          0          0          0          0          0   __scatter_zi.o
       364          4          0          0          0         92   aeabi_sdiv.o
        16          0          0          0          0         68   exit.o
         6          0          0          0          0        136   heapauxi.o
         0          0          0          0          0          0   indicate_semi.o
         2          0          0          0          0          0   libinit.o
         2          0          0          0          0          0   libinit2.o
         2          0          0          0          0          0   libshutdown.o
         2          0          0          0          0          0   libshutdown2.o
         8          4          0          0         96         68   libspace.o
         2          0          0          0          0          0   rtexit.o
        10          0          0          0          0          0   rtexit2.o
        12          4          0          0          0         60   sys_exit.o
        62          0          0          0          0         80   sys_stackheap_outer.o
         2          0          0          0          0         68   use_no_semi.o

    ----------------------------------------------------------------------
       664         22          0          0         96        640   Library Totals
         8          0          0          0          0          0   (incl. Padding)

    ----------------------------------------------------------------------

      Code (inc. data)   RO Data    RW Data    ZI Data      Debug   Library Name

       656         22          0          0         96        640   c_p.l

    ----------------------------------------------------------------------
       664         22          0          0         96        640   Library Totals

    ----------------------------------------------------------------------

==============================================================================


      Code (inc. data)   RO Data    RW Data    ZI Data      Debug   

      4788        192        280         76       1132      53608   Grand Totals
      4788        192        280         76       1132      53608   ELF Image Totals
      4788        192        280         76          0          0   ROM Totals

==============================================================================

    Total RO  Size (Code + RO Data)                 5068 (   4.95kB)
    Total RW  Size (RW Data + ZI Data)              1208 (   1.18kB)
    Total ROM Size (Code + RO Data + RW Data)       5144 (   5.02kB)

==============================================================================

