<!doctype html public "-//w3c//dtd html 4.0 transitional//en">
<html><head>
<title>Static Call Graph - [.\Objects\test.axf]</title></head>
<body><HR>
<H1>Static Call Graph for image .\Objects\test.axf</H1><HR>
<BR><P>#&#060CALLGRAPH&#062# ARM Linker, 6220000: Last Updated: Thu Jan 23 14:24:22 2025
<BR><P>
<H3>Maximum Stack Usage =        240 bytes + Unknown(Functions without stacksize, Cycles, Untraceable Function Pointers)</H3><H3>
Call chain for Maximum Stack Depth:</H3>
__rt_entry_main &rArr; main &rArr; uart_init &rArr; HAL_UART_Init &rArr; UART_SetConfig &rArr; HAL_RCC_GetPCLK1Freq
<P>
<H3>
Functions with no stack information
</H3><UL>
 <LI><a href="#[32]">__user_initial_stackheap</a>
</UL>
</UL>
<P>
<H3>
Mutually Recursive functions
</H3> <LI><a href="#[b]">ADC_COMP_IRQHandler</a>&nbsp;&nbsp;&nbsp;&rArr;&nbsp;&nbsp;&nbsp;<a href="#[b]">ADC_COMP_IRQHandler</a><BR>
</UL>
<P>
<H3>
Function Pointers
</H3><UL>
 <LI><a href="#[b]">ADC_COMP_IRQHandler</a> from startup_py32f002bx5.o(.text) referenced from startup_py32f002bx5.o(RESET)
 <LI><a href="#[8]">EXTI0_1_IRQHandler</a> from startup_py32f002bx5.o(.text) referenced from startup_py32f002bx5.o(RESET)
 <LI><a href="#[9]">EXTI2_3_IRQHandler</a> from startup_py32f002bx5.o(.text) referenced from startup_py32f002bx5.o(RESET)
 <LI><a href="#[a]">EXTI4_15_IRQHandler</a> from startup_py32f002bx5.o(.text) referenced from startup_py32f002bx5.o(RESET)
 <LI><a href="#[6]">FLASH_IRQHandler</a> from startup_py32f002bx5.o(.text) referenced from startup_py32f002bx5.o(RESET)
 <LI><a href="#[2]">HardFault_Handler</a> from py32f002b_it.o(.text.HardFault_Handler) referenced from startup_py32f002bx5.o(RESET)
 <LI><a href="#[10]">I2C1_IRQHandler</a> from startup_py32f002bx5.o(.text) referenced from startup_py32f002bx5.o(RESET)
 <LI><a href="#[e]">LPTIM1_IRQHandler</a> from startup_py32f002bx5.o(.text) referenced from startup_py32f002bx5.o(RESET)
 <LI><a href="#[1]">NMI_Handler</a> from py32f002b_it.o(.text.NMI_Handler) referenced from startup_py32f002bx5.o(RESET)
 <LI><a href="#[4]">PendSV_Handler</a> from py32f002b_it.o(.text.PendSV_Handler) referenced from startup_py32f002bx5.o(RESET)
 <LI><a href="#[7]">RCC_IRQHandler</a> from startup_py32f002bx5.o(.text) referenced from startup_py32f002bx5.o(RESET)
 <LI><a href="#[0]">Reset_Handler</a> from startup_py32f002bx5.o(.text) referenced from startup_py32f002bx5.o(RESET)
 <LI><a href="#[11]">SPI1_IRQHandler</a> from startup_py32f002bx5.o(.text) referenced from startup_py32f002bx5.o(RESET)
 <LI><a href="#[3]">SVC_Handler</a> from py32f002b_it.o(.text.SVC_Handler) referenced from startup_py32f002bx5.o(RESET)
 <LI><a href="#[5]">SysTick_Handler</a> from py32f002b_it.o(.text.SysTick_Handler) referenced from startup_py32f002bx5.o(RESET)
 <LI><a href="#[13]">SystemInit</a> from system_py32f002b.o(.text.SystemInit) referenced from startup_py32f002bx5.o(.text)
 <LI><a href="#[f]">TIM16_IRQHandler</a> from startup_py32f002bx5.o(.text) referenced from startup_py32f002bx5.o(RESET)
 <LI><a href="#[c]">TIM1_BRK_UP_TRG_COM_IRQHandler</a> from startup_py32f002bx5.o(.text) referenced from startup_py32f002bx5.o(RESET)
 <LI><a href="#[d]">TIM1_CC_IRQHandler</a> from startup_py32f002bx5.o(.text) referenced from startup_py32f002bx5.o(RESET)
 <LI><a href="#[12]">USART1_IRQHandler</a> from startup_py32f002bx5.o(.text) referenced from startup_py32f002bx5.o(RESET)
 <LI><a href="#[14]">__main</a> from __main.o(!!!main) referenced from startup_py32f002bx5.o(.text)
 <LI><a href="#[1b]">io_iic_deinit_port</a> from key.o(.text.io_iic_deinit_port) referenced from key.o(.data.iic_dev)
 <LI><a href="#[19]">io_iic_delay_us_port</a> from key.o(.text.io_iic_delay_us_port) referenced from key.o(.data.iic_dev)
 <LI><a href="#[1a]">io_iic_init_port</a> from key.o(.text.io_iic_init_port) referenced from key.o(.data.iic_dev)
 <LI><a href="#[15]">io_iic_scl_write_port</a> from key.o(.text.io_iic_scl_write_port) referenced from key.o(.data.iic_dev)
 <LI><a href="#[17]">io_iic_sda_2read_port</a> from key.o(.text.io_iic_sda_2read_port) referenced from key.o(.data.iic_dev)
 <LI><a href="#[18]">io_iic_sda_read_port</a> from key.o(.text.io_iic_sda_read_port) referenced from key.o(.data.iic_dev)
 <LI><a href="#[16]">io_iic_sda_write_port</a> from key.o(.text.io_iic_sda_write_port) referenced from key.o(.data.iic_dev)
 <LI><a href="#[21]">pcf8574_iic_deinit_port</a> from key.o(.text.pcf8574_iic_deinit_port) referenced from key.o(.data.pcf8574_dev)
 <LI><a href="#[20]">pcf8574_iic_init_port</a> from key.o(.text.pcf8574_iic_init_port) referenced from key.o(.data.pcf8574_dev)
 <LI><a href="#[1e]">pcf8574_iic_read_port</a> from key.o(.text.pcf8574_iic_read_port) referenced from key.o(.data.pcf8574_dev)
 <LI><a href="#[1c]">pcf8574_iic_start_port</a> from key.o(.text.pcf8574_iic_start_port) referenced from key.o(.data.pcf8574_dev)
 <LI><a href="#[1d]">pcf8574_iic_stop_port</a> from key.o(.text.pcf8574_iic_stop_port) referenced from key.o(.data.pcf8574_dev)
 <LI><a href="#[1f]">pcf8574_iic_write_port</a> from key.o(.text.pcf8574_iic_write_port) referenced from key.o(.data.pcf8574_dev)
</UL>
<P>
<H3>
Global Symbols
</H3>
<P><STRONG><a name="[14]"></a>__main</STRONG> (Thumb, 8 bytes, Stack size 0 bytes, __main.o(!!!main))
<BR><BR>[Calls]<UL><LI><a href="#[22]">&gt;&gt;</a>&nbsp;&nbsp;&nbsp;__scatterload
<LI><a href="#[23]">&gt;&gt;</a>&nbsp;&nbsp;&nbsp;__rt_entry
</UL>
<BR>[Address Reference Count : 1]<UL><LI> startup_py32f002bx5.o(.text)
</UL>
<P><STRONG><a name="[22]"></a>__scatterload</STRONG> (Thumb, 0 bytes, Stack size unknown bytes, __scatter.o(!!!scatter))
<BR><BR>[Called By]<UL><LI><a href="#[14]">&gt;&gt;</a>&nbsp;&nbsp;&nbsp;__main
</UL>

<P><STRONG><a name="[24]"></a>__scatterload_rt2</STRONG> (Thumb, 74 bytes, Stack size unknown bytes, __scatter.o(!!!scatter), UNUSED)
<BR><BR>[Calls]<UL><LI><a href="#[23]">&gt;&gt;</a>&nbsp;&nbsp;&nbsp;__rt_entry
</UL>

<P><STRONG><a name="[5d]"></a>__scatterload_rt2_thumb_only</STRONG> (Thumb, 0 bytes, Stack size unknown bytes, __scatter.o(!!!scatter), UNUSED)

<P><STRONG><a name="[5e]"></a>__scatterload_loop</STRONG> (Thumb, 0 bytes, Stack size unknown bytes, __scatter.o(!!!scatter), UNUSED)

<P><STRONG><a name="[25]"></a>__scatterload_copy</STRONG> (Thumb, 26 bytes, Stack size unknown bytes, __scatter_copy.o(!!handler_copy), UNUSED)
<BR><BR>[Calls]<UL><LI><a href="#[25]">&gt;&gt;</a>&nbsp;&nbsp;&nbsp;__scatterload_copy
</UL>
<BR>[Called By]<UL><LI><a href="#[25]">&gt;&gt;</a>&nbsp;&nbsp;&nbsp;__scatterload_copy
</UL>

<P><STRONG><a name="[5f]"></a>__scatterload_null</STRONG> (Thumb, 2 bytes, Stack size unknown bytes, __scatter.o(!!handler_null), UNUSED)

<P><STRONG><a name="[60]"></a>__scatterload_zeroinit</STRONG> (Thumb, 28 bytes, Stack size unknown bytes, __scatter_zi.o(!!handler_zi), UNUSED)

<P><STRONG><a name="[29]"></a>__rt_lib_init</STRONG> (Thumb, 0 bytes, Stack size unknown bytes, libinit.o(.ARM.Collect$$libinit$$00000000))
<BR><BR>[Called By]<UL><LI><a href="#[28]">&gt;&gt;</a>&nbsp;&nbsp;&nbsp;__rt_entry_li
</UL>

<P><STRONG><a name="[61]"></a>__rt_lib_init_alloca_1</STRONG> (Thumb, 0 bytes, Stack size unknown bytes, libinit2.o(.ARM.Collect$$libinit$$00000030))

<P><STRONG><a name="[62]"></a>__rt_lib_init_argv_1</STRONG> (Thumb, 0 bytes, Stack size unknown bytes, libinit2.o(.ARM.Collect$$libinit$$0000002E))

<P><STRONG><a name="[63]"></a>__rt_lib_init_atexit_1</STRONG> (Thumb, 0 bytes, Stack size unknown bytes, libinit2.o(.ARM.Collect$$libinit$$0000001D))

<P><STRONG><a name="[64]"></a>__rt_lib_init_clock_1</STRONG> (Thumb, 0 bytes, Stack size unknown bytes, libinit2.o(.ARM.Collect$$libinit$$00000023))

<P><STRONG><a name="[65]"></a>__rt_lib_init_cpp_1</STRONG> (Thumb, 0 bytes, Stack size unknown bytes, libinit2.o(.ARM.Collect$$libinit$$00000034))

<P><STRONG><a name="[66]"></a>__rt_lib_init_exceptions_1</STRONG> (Thumb, 0 bytes, Stack size unknown bytes, libinit2.o(.ARM.Collect$$libinit$$00000032))

<P><STRONG><a name="[67]"></a>__rt_lib_init_fp_1</STRONG> (Thumb, 0 bytes, Stack size unknown bytes, libinit2.o(.ARM.Collect$$libinit$$00000002))

<P><STRONG><a name="[68]"></a>__rt_lib_init_fp_trap_1</STRONG> (Thumb, 0 bytes, Stack size unknown bytes, libinit2.o(.ARM.Collect$$libinit$$00000021))

<P><STRONG><a name="[69]"></a>__rt_lib_init_getenv_1</STRONG> (Thumb, 0 bytes, Stack size unknown bytes, libinit2.o(.ARM.Collect$$libinit$$00000025))

<P><STRONG><a name="[6a]"></a>__rt_lib_init_heap_1</STRONG> (Thumb, 0 bytes, Stack size unknown bytes, libinit2.o(.ARM.Collect$$libinit$$0000000C))

<P><STRONG><a name="[6b]"></a>__rt_lib_init_lc_collate_1</STRONG> (Thumb, 0 bytes, Stack size unknown bytes, libinit2.o(.ARM.Collect$$libinit$$00000013))

<P><STRONG><a name="[6c]"></a>__rt_lib_init_lc_ctype_1</STRONG> (Thumb, 0 bytes, Stack size unknown bytes, libinit2.o(.ARM.Collect$$libinit$$00000015))

<P><STRONG><a name="[6d]"></a>__rt_lib_init_lc_monetary_1</STRONG> (Thumb, 0 bytes, Stack size unknown bytes, libinit2.o(.ARM.Collect$$libinit$$00000017))

<P><STRONG><a name="[6e]"></a>__rt_lib_init_lc_numeric_1</STRONG> (Thumb, 0 bytes, Stack size unknown bytes, libinit2.o(.ARM.Collect$$libinit$$00000019))

<P><STRONG><a name="[6f]"></a>__rt_lib_init_lc_time_1</STRONG> (Thumb, 0 bytes, Stack size unknown bytes, libinit2.o(.ARM.Collect$$libinit$$0000001B))

<P><STRONG><a name="[70]"></a>__rt_lib_init_preinit_1</STRONG> (Thumb, 0 bytes, Stack size unknown bytes, libinit2.o(.ARM.Collect$$libinit$$00000006))

<P><STRONG><a name="[71]"></a>__rt_lib_init_rand_1</STRONG> (Thumb, 0 bytes, Stack size unknown bytes, libinit2.o(.ARM.Collect$$libinit$$00000010))

<P><STRONG><a name="[72]"></a>__rt_lib_init_relocate_pie_1</STRONG> (Thumb, 0 bytes, Stack size unknown bytes, libinit2.o(.ARM.Collect$$libinit$$00000004))

<P><STRONG><a name="[73]"></a>__rt_lib_init_return</STRONG> (Thumb, 0 bytes, Stack size unknown bytes, libinit2.o(.ARM.Collect$$libinit$$00000035))

<P><STRONG><a name="[74]"></a>__rt_lib_init_signal_1</STRONG> (Thumb, 0 bytes, Stack size unknown bytes, libinit2.o(.ARM.Collect$$libinit$$0000001F))

<P><STRONG><a name="[75]"></a>__rt_lib_init_stdio_1</STRONG> (Thumb, 0 bytes, Stack size unknown bytes, libinit2.o(.ARM.Collect$$libinit$$00000027))

<P><STRONG><a name="[76]"></a>__rt_lib_init_user_alloc_1</STRONG> (Thumb, 0 bytes, Stack size unknown bytes, libinit2.o(.ARM.Collect$$libinit$$0000000E))

<P><STRONG><a name="[2e]"></a>__rt_lib_shutdown</STRONG> (Thumb, 0 bytes, Stack size unknown bytes, libshutdown.o(.ARM.Collect$$libshutdown$$00000000))
<BR><BR>[Called By]<UL><LI><a href="#[2d]">&gt;&gt;</a>&nbsp;&nbsp;&nbsp;__rt_exit_ls
</UL>

<P><STRONG><a name="[77]"></a>__rt_lib_shutdown_cpp_1</STRONG> (Thumb, 0 bytes, Stack size unknown bytes, libshutdown2.o(.ARM.Collect$$libshutdown$$00000002))

<P><STRONG><a name="[78]"></a>__rt_lib_shutdown_fp_trap_1</STRONG> (Thumb, 0 bytes, Stack size unknown bytes, libshutdown2.o(.ARM.Collect$$libshutdown$$00000007))

<P><STRONG><a name="[79]"></a>__rt_lib_shutdown_heap_1</STRONG> (Thumb, 0 bytes, Stack size unknown bytes, libshutdown2.o(.ARM.Collect$$libshutdown$$0000000F))

<P><STRONG><a name="[7a]"></a>__rt_lib_shutdown_return</STRONG> (Thumb, 0 bytes, Stack size unknown bytes, libshutdown2.o(.ARM.Collect$$libshutdown$$00000010))

<P><STRONG><a name="[7b]"></a>__rt_lib_shutdown_signal_1</STRONG> (Thumb, 0 bytes, Stack size unknown bytes, libshutdown2.o(.ARM.Collect$$libshutdown$$0000000A))

<P><STRONG><a name="[7c]"></a>__rt_lib_shutdown_stdio_1</STRONG> (Thumb, 0 bytes, Stack size unknown bytes, libshutdown2.o(.ARM.Collect$$libshutdown$$00000004))

<P><STRONG><a name="[7d]"></a>__rt_lib_shutdown_user_alloc_1</STRONG> (Thumb, 0 bytes, Stack size unknown bytes, libshutdown2.o(.ARM.Collect$$libshutdown$$0000000C))

<P><STRONG><a name="[23]"></a>__rt_entry</STRONG> (Thumb, 0 bytes, Stack size unknown bytes, __rtentry.o(.ARM.Collect$$rtentry$$00000000))
<BR><BR>[Called By]<UL><LI><a href="#[24]">&gt;&gt;</a>&nbsp;&nbsp;&nbsp;__scatterload_rt2
<LI><a href="#[14]">&gt;&gt;</a>&nbsp;&nbsp;&nbsp;__main
</UL>

<P><STRONG><a name="[7e]"></a>__rt_entry_presh_1</STRONG> (Thumb, 0 bytes, Stack size unknown bytes, __rtentry2.o(.ARM.Collect$$rtentry$$00000002))

<P><STRONG><a name="[26]"></a>__rt_entry_sh</STRONG> (Thumb, 0 bytes, Stack size unknown bytes, __rtentry4.o(.ARM.Collect$$rtentry$$00000004))
<BR><BR>[Stack]<UL><LI>Max Depth = 8 + Unknown Stack Size
<LI>Call Chain = __rt_entry_sh &rArr; __user_setup_stackheap
</UL>
<BR>[Calls]<UL><LI><a href="#[27]">&gt;&gt;</a>&nbsp;&nbsp;&nbsp;__user_setup_stackheap
</UL>

<P><STRONG><a name="[28]"></a>__rt_entry_li</STRONG> (Thumb, 0 bytes, Stack size unknown bytes, __rtentry2.o(.ARM.Collect$$rtentry$$0000000A))
<BR><BR>[Calls]<UL><LI><a href="#[29]">&gt;&gt;</a>&nbsp;&nbsp;&nbsp;__rt_lib_init
</UL>

<P><STRONG><a name="[7f]"></a>__rt_entry_postsh_1</STRONG> (Thumb, 0 bytes, Stack size unknown bytes, __rtentry2.o(.ARM.Collect$$rtentry$$00000009))

<P><STRONG><a name="[2a]"></a>__rt_entry_main</STRONG> (Thumb, 0 bytes, Stack size unknown bytes, __rtentry2.o(.ARM.Collect$$rtentry$$0000000D))
<BR><BR>[Stack]<UL><LI>Max Depth = 240 + Unknown Stack Size
<LI>Call Chain = __rt_entry_main &rArr; main &rArr; uart_init &rArr; HAL_UART_Init &rArr; UART_SetConfig &rArr; HAL_RCC_GetPCLK1Freq
</UL>
<BR>[Calls]<UL><LI><a href="#[2b]">&gt;&gt;</a>&nbsp;&nbsp;&nbsp;main
<LI><a href="#[2c]">&gt;&gt;</a>&nbsp;&nbsp;&nbsp;exit
</UL>

<P><STRONG><a name="[80]"></a>__rt_entry_postli_1</STRONG> (Thumb, 0 bytes, Stack size unknown bytes, __rtentry2.o(.ARM.Collect$$rtentry$$0000000C))

<P><STRONG><a name="[34]"></a>__rt_exit</STRONG> (Thumb, 0 bytes, Stack size unknown bytes, rtexit.o(.ARM.Collect$$rtexit$$00000000))
<BR><BR>[Called By]<UL><LI><a href="#[2c]">&gt;&gt;</a>&nbsp;&nbsp;&nbsp;exit
</UL>

<P><STRONG><a name="[2d]"></a>__rt_exit_ls</STRONG> (Thumb, 0 bytes, Stack size unknown bytes, rtexit2.o(.ARM.Collect$$rtexit$$00000003))
<BR><BR>[Calls]<UL><LI><a href="#[2e]">&gt;&gt;</a>&nbsp;&nbsp;&nbsp;__rt_lib_shutdown
</UL>

<P><STRONG><a name="[81]"></a>__rt_exit_prels_1</STRONG> (Thumb, 0 bytes, Stack size unknown bytes, rtexit2.o(.ARM.Collect$$rtexit$$00000002))

<P><STRONG><a name="[2f]"></a>__rt_exit_exit</STRONG> (Thumb, 0 bytes, Stack size unknown bytes, rtexit2.o(.ARM.Collect$$rtexit$$00000004))
<BR><BR>[Calls]<UL><LI><a href="#[30]">&gt;&gt;</a>&nbsp;&nbsp;&nbsp;_sys_exit
</UL>

<P><STRONG><a name="[0]"></a>Reset_Handler</STRONG> (Thumb, 8 bytes, Stack size 0 bytes, startup_py32f002bx5.o(.text))
<BR>[Address Reference Count : 1]<UL><LI> startup_py32f002bx5.o(RESET)
</UL>
<P><STRONG><a name="[b]"></a>ADC_COMP_IRQHandler</STRONG> (Thumb, 0 bytes, Stack size 0 bytes, startup_py32f002bx5.o(.text))
<BR><BR>[Calls]<UL><LI><a href="#[b]">&gt;&gt;</a>&nbsp;&nbsp;&nbsp;ADC_COMP_IRQHandler
</UL>
<BR>[Called By]<UL><LI><a href="#[b]">&gt;&gt;</a>&nbsp;&nbsp;&nbsp;ADC_COMP_IRQHandler
</UL>
<BR>[Address Reference Count : 1]<UL><LI> startup_py32f002bx5.o(RESET)
</UL>
<P><STRONG><a name="[8]"></a>EXTI0_1_IRQHandler</STRONG> (Thumb, 0 bytes, Stack size 0 bytes, startup_py32f002bx5.o(.text))
<BR>[Address Reference Count : 1]<UL><LI> startup_py32f002bx5.o(RESET)
</UL>
<P><STRONG><a name="[9]"></a>EXTI2_3_IRQHandler</STRONG> (Thumb, 0 bytes, Stack size 0 bytes, startup_py32f002bx5.o(.text))
<BR>[Address Reference Count : 1]<UL><LI> startup_py32f002bx5.o(RESET)
</UL>
<P><STRONG><a name="[a]"></a>EXTI4_15_IRQHandler</STRONG> (Thumb, 0 bytes, Stack size 0 bytes, startup_py32f002bx5.o(.text))
<BR>[Address Reference Count : 1]<UL><LI> startup_py32f002bx5.o(RESET)
</UL>
<P><STRONG><a name="[6]"></a>FLASH_IRQHandler</STRONG> (Thumb, 0 bytes, Stack size 0 bytes, startup_py32f002bx5.o(.text))
<BR>[Address Reference Count : 1]<UL><LI> startup_py32f002bx5.o(RESET)
</UL>
<P><STRONG><a name="[10]"></a>I2C1_IRQHandler</STRONG> (Thumb, 0 bytes, Stack size 0 bytes, startup_py32f002bx5.o(.text))
<BR>[Address Reference Count : 1]<UL><LI> startup_py32f002bx5.o(RESET)
</UL>
<P><STRONG><a name="[e]"></a>LPTIM1_IRQHandler</STRONG> (Thumb, 0 bytes, Stack size 0 bytes, startup_py32f002bx5.o(.text))
<BR>[Address Reference Count : 1]<UL><LI> startup_py32f002bx5.o(RESET)
</UL>
<P><STRONG><a name="[7]"></a>RCC_IRQHandler</STRONG> (Thumb, 0 bytes, Stack size 0 bytes, startup_py32f002bx5.o(.text))
<BR>[Address Reference Count : 1]<UL><LI> startup_py32f002bx5.o(RESET)
</UL>
<P><STRONG><a name="[11]"></a>SPI1_IRQHandler</STRONG> (Thumb, 0 bytes, Stack size 0 bytes, startup_py32f002bx5.o(.text))
<BR>[Address Reference Count : 1]<UL><LI> startup_py32f002bx5.o(RESET)
</UL>
<P><STRONG><a name="[f]"></a>TIM16_IRQHandler</STRONG> (Thumb, 0 bytes, Stack size 0 bytes, startup_py32f002bx5.o(.text))
<BR>[Address Reference Count : 1]<UL><LI> startup_py32f002bx5.o(RESET)
</UL>
<P><STRONG><a name="[c]"></a>TIM1_BRK_UP_TRG_COM_IRQHandler</STRONG> (Thumb, 0 bytes, Stack size 0 bytes, startup_py32f002bx5.o(.text))
<BR>[Address Reference Count : 1]<UL><LI> startup_py32f002bx5.o(RESET)
</UL>
<P><STRONG><a name="[d]"></a>TIM1_CC_IRQHandler</STRONG> (Thumb, 0 bytes, Stack size 0 bytes, startup_py32f002bx5.o(.text))
<BR>[Address Reference Count : 1]<UL><LI> startup_py32f002bx5.o(RESET)
</UL>
<P><STRONG><a name="[12]"></a>USART1_IRQHandler</STRONG> (Thumb, 0 bytes, Stack size 0 bytes, startup_py32f002bx5.o(.text))
<BR>[Address Reference Count : 1]<UL><LI> startup_py32f002bx5.o(RESET)
</UL>
<P><STRONG><a name="[32]"></a>__user_initial_stackheap</STRONG> (Thumb, 0 bytes, Stack size unknown bytes, startup_py32f002bx5.o(.text))
<BR><BR>[Called By]<UL><LI><a href="#[27]">&gt;&gt;</a>&nbsp;&nbsp;&nbsp;__user_setup_stackheap
</UL>

<P><STRONG><a name="[3a]"></a>__aeabi_uidiv</STRONG> (Thumb, 0 bytes, Stack size 0 bytes, aeabi_sdiv.o(.text))
<BR><BR>[Called By]<UL><LI><a href="#[38]">&gt;&gt;</a>&nbsp;&nbsp;&nbsp;HAL_InitTick
<LI><a href="#[45]">&gt;&gt;</a>&nbsp;&nbsp;&nbsp;UART_SetConfig
</UL>

<P><STRONG><a name="[82]"></a>__aeabi_uidivmod</STRONG> (Thumb, 20 bytes, Stack size 0 bytes, aeabi_sdiv.o(.text), UNUSED)

<P><STRONG><a name="[83]"></a>__aeabi_idiv</STRONG> (Thumb, 0 bytes, Stack size 8 bytes, aeabi_sdiv.o(.text), UNUSED)

<P><STRONG><a name="[84]"></a>__aeabi_idivmod</STRONG> (Thumb, 338 bytes, Stack size 8 bytes, aeabi_sdiv.o(.text), UNUSED)

<P><STRONG><a name="[85]"></a>__use_two_region_memory</STRONG> (Thumb, 2 bytes, Stack size 0 bytes, heapauxi.o(.text), UNUSED)

<P><STRONG><a name="[86]"></a>__rt_heap_escrow$2region</STRONG> (Thumb, 2 bytes, Stack size 0 bytes, heapauxi.o(.text), UNUSED)

<P><STRONG><a name="[87]"></a>__rt_heap_expand$2region</STRONG> (Thumb, 2 bytes, Stack size 0 bytes, heapauxi.o(.text), UNUSED)

<P><STRONG><a name="[27]"></a>__user_setup_stackheap</STRONG> (Thumb, 62 bytes, Stack size 8 bytes, sys_stackheap_outer.o(.text))
<BR><BR>[Stack]<UL><LI>Max Depth = 8 + Unknown Stack Size
<LI>Call Chain = __user_setup_stackheap
</UL>
<BR>[Calls]<UL><LI><a href="#[31]">&gt;&gt;</a>&nbsp;&nbsp;&nbsp;__user_perproc_libspace
<LI><a href="#[32]">&gt;&gt;</a>&nbsp;&nbsp;&nbsp;__user_initial_stackheap
</UL>
<BR>[Called By]<UL><LI><a href="#[26]">&gt;&gt;</a>&nbsp;&nbsp;&nbsp;__rt_entry_sh
</UL>

<P><STRONG><a name="[2c]"></a>exit</STRONG> (Thumb, 16 bytes, Stack size 8 bytes, exit.o(.text))
<BR><BR>[Stack]<UL><LI>Max Depth = 8 + Unknown Stack Size
<LI>Call Chain = exit
</UL>
<BR>[Calls]<UL><LI><a href="#[34]">&gt;&gt;</a>&nbsp;&nbsp;&nbsp;__rt_exit
<LI><a href="#[33]">&gt;&gt;</a>&nbsp;&nbsp;&nbsp;_call_atexit_fns (Weak Reference)
</UL>
<BR>[Called By]<UL><LI><a href="#[2a]">&gt;&gt;</a>&nbsp;&nbsp;&nbsp;__rt_entry_main
</UL>

<P><STRONG><a name="[88]"></a>__user_libspace</STRONG> (Thumb, 8 bytes, Stack size 0 bytes, libspace.o(.text), UNUSED)

<P><STRONG><a name="[31]"></a>__user_perproc_libspace</STRONG> (Thumb, 0 bytes, Stack size 0 bytes, libspace.o(.text))
<BR><BR>[Called By]<UL><LI><a href="#[27]">&gt;&gt;</a>&nbsp;&nbsp;&nbsp;__user_setup_stackheap
</UL>

<P><STRONG><a name="[89]"></a>__user_perthread_libspace</STRONG> (Thumb, 0 bytes, Stack size 0 bytes, libspace.o(.text), UNUSED)

<P><STRONG><a name="[30]"></a>_sys_exit</STRONG> (Thumb, 8 bytes, Stack size 0 bytes, sys_exit.o(.text))
<BR><BR>[Called By]<UL><LI><a href="#[2f]">&gt;&gt;</a>&nbsp;&nbsp;&nbsp;__rt_exit_exit
</UL>

<P><STRONG><a name="[8a]"></a>__I$use$semihosting</STRONG> (Thumb, 0 bytes, Stack size 0 bytes, use_no_semi.o(.text), UNUSED)

<P><STRONG><a name="[8b]"></a>__use_no_semihosting_swi</STRONG> (Thumb, 2 bytes, Stack size 0 bytes, use_no_semi.o(.text), UNUSED)

<P><STRONG><a name="[8c]"></a>__semihosting_library_function</STRONG> (Thumb, 0 bytes, Stack size unknown bytes, indicate_semi.o(.text), UNUSED)

<P><STRONG><a name="[35]"></a>HAL_Delay</STRONG> (Thumb, 64 bytes, Stack size 24 bytes, py32f002b_hal.o(.text.HAL_Delay))
<BR><BR>[Stack]<UL><LI>Max Depth = 24<LI>Call Chain = HAL_Delay
</UL>
<BR>[Calls]<UL><LI><a href="#[36]">&gt;&gt;</a>&nbsp;&nbsp;&nbsp;HAL_GetTick
</UL>
<BR>[Called By]<UL><LI><a href="#[2b]">&gt;&gt;</a>&nbsp;&nbsp;&nbsp;main
</UL>

<P><STRONG><a name="[49]"></a>HAL_GPIO_Init</STRONG> (Thumb, 644 bytes, Stack size 32 bytes, py32f002b_hal_gpio.o(.text.HAL_GPIO_Init))
<BR><BR>[Stack]<UL><LI>Max Depth = 32<LI>Call Chain = HAL_GPIO_Init
</UL>
<BR>[Called By]<UL><LI><a href="#[1a]">&gt;&gt;</a>&nbsp;&nbsp;&nbsp;io_iic_init_port
<LI><a href="#[17]">&gt;&gt;</a>&nbsp;&nbsp;&nbsp;io_iic_sda_2read_port
<LI><a href="#[16]">&gt;&gt;</a>&nbsp;&nbsp;&nbsp;io_iic_sda_write_port
<LI><a href="#[51]">&gt;&gt;</a>&nbsp;&nbsp;&nbsp;uart_init
<LI><a href="#[50]">&gt;&gt;</a>&nbsp;&nbsp;&nbsp;led_init
</UL>

<P><STRONG><a name="[4b]"></a>HAL_GPIO_ReadPin</STRONG> (Thumb, 50 bytes, Stack size 16 bytes, py32f002b_hal_gpio.o(.text.HAL_GPIO_ReadPin))
<BR><BR>[Stack]<UL><LI>Max Depth = 16<LI>Call Chain = HAL_GPIO_ReadPin
</UL>
<BR>[Called By]<UL><LI><a href="#[18]">&gt;&gt;</a>&nbsp;&nbsp;&nbsp;io_iic_sda_read_port
</UL>

<P><STRONG><a name="[54]"></a>HAL_GPIO_TogglePin</STRONG> (Thumb, 50 bytes, Stack size 12 bytes, py32f002b_hal_gpio.o(.text.HAL_GPIO_TogglePin))
<BR><BR>[Stack]<UL><LI>Max Depth = 12<LI>Call Chain = HAL_GPIO_TogglePin
</UL>
<BR>[Called By]<UL><LI><a href="#[2b]">&gt;&gt;</a>&nbsp;&nbsp;&nbsp;main
</UL>

<P><STRONG><a name="[4a]"></a>HAL_GPIO_WritePin</STRONG> (Thumb, 44 bytes, Stack size 12 bytes, py32f002b_hal_gpio.o(.text.HAL_GPIO_WritePin))
<BR><BR>[Stack]<UL><LI>Max Depth = 12<LI>Call Chain = HAL_GPIO_WritePin
</UL>
<BR>[Called By]<UL><LI><a href="#[16]">&gt;&gt;</a>&nbsp;&nbsp;&nbsp;io_iic_sda_write_port
<LI><a href="#[15]">&gt;&gt;</a>&nbsp;&nbsp;&nbsp;io_iic_scl_write_port
</UL>

<P><STRONG><a name="[36]"></a>HAL_GetTick</STRONG> (Thumb, 8 bytes, Stack size 0 bytes, py32f002b_hal.o(.text.HAL_GetTick))
<BR><BR>[Called By]<UL><LI><a href="#[35]">&gt;&gt;</a>&nbsp;&nbsp;&nbsp;HAL_Delay
<LI><a href="#[2b]">&gt;&gt;</a>&nbsp;&nbsp;&nbsp;main
</UL>

<P><STRONG><a name="[47]"></a>HAL_IncTick</STRONG> (Thumb, 16 bytes, Stack size 0 bytes, py32f002b_hal.o(.text.HAL_IncTick))
<BR><BR>[Called By]<UL><LI><a href="#[5]">&gt;&gt;</a>&nbsp;&nbsp;&nbsp;SysTick_Handler
</UL>

<P><STRONG><a name="[37]"></a>HAL_Init</STRONG> (Thumb, 44 bytes, Stack size 16 bytes, py32f002b_hal.o(.text.HAL_Init))
<BR><BR>[Stack]<UL><LI>Max Depth = 104<LI>Call Chain = HAL_Init &rArr; HAL_InitTick &rArr; HAL_SYSTICK_Config &rArr; SysTick_Config &rArr; __NVIC_SetPriority
</UL>
<BR>[Calls]<UL><LI><a href="#[39]">&gt;&gt;</a>&nbsp;&nbsp;&nbsp;HAL_MspInit
<LI><a href="#[38]">&gt;&gt;</a>&nbsp;&nbsp;&nbsp;HAL_InitTick
</UL>
<BR>[Called By]<UL><LI><a href="#[2b]">&gt;&gt;</a>&nbsp;&nbsp;&nbsp;main
</UL>

<P><STRONG><a name="[38]"></a>HAL_InitTick</STRONG> (Thumb, 120 bytes, Stack size 24 bytes, py32f002b_hal.o(.text.HAL_InitTick))
<BR><BR>[Stack]<UL><LI>Max Depth = 88<LI>Call Chain = HAL_InitTick &rArr; HAL_SYSTICK_Config &rArr; SysTick_Config &rArr; __NVIC_SetPriority
</UL>
<BR>[Calls]<UL><LI><a href="#[3b]">&gt;&gt;</a>&nbsp;&nbsp;&nbsp;HAL_SYSTICK_Config
<LI><a href="#[3c]">&gt;&gt;</a>&nbsp;&nbsp;&nbsp;HAL_NVIC_SetPriority
<LI><a href="#[3a]">&gt;&gt;</a>&nbsp;&nbsp;&nbsp;__aeabi_uidiv
</UL>
<BR>[Called By]<UL><LI><a href="#[37]">&gt;&gt;</a>&nbsp;&nbsp;&nbsp;HAL_Init
</UL>

<P><STRONG><a name="[39]"></a>HAL_MspInit</STRONG> (Thumb, 2 bytes, Stack size 0 bytes, py32f002b_hal.o(.text.HAL_MspInit))
<BR><BR>[Called By]<UL><LI><a href="#[37]">&gt;&gt;</a>&nbsp;&nbsp;&nbsp;HAL_Init
</UL>

<P><STRONG><a name="[3d]"></a>HAL_NVIC_EnableIRQ</STRONG> (Thumb, 22 bytes, Stack size 16 bytes, py32f002b_hal_cortex.o(.text.HAL_NVIC_EnableIRQ))
<BR><BR>[Stack]<UL><LI>Max Depth = 20<LI>Call Chain = HAL_NVIC_EnableIRQ &rArr; __NVIC_EnableIRQ
</UL>
<BR>[Calls]<UL><LI><a href="#[3e]">&gt;&gt;</a>&nbsp;&nbsp;&nbsp;__NVIC_EnableIRQ
</UL>
<BR>[Called By]<UL><LI><a href="#[51]">&gt;&gt;</a>&nbsp;&nbsp;&nbsp;uart_init
</UL>

<P><STRONG><a name="[3c]"></a>HAL_NVIC_SetPriority</STRONG> (Thumb, 28 bytes, Stack size 24 bytes, py32f002b_hal_cortex.o(.text.HAL_NVIC_SetPriority))
<BR><BR>[Stack]<UL><LI>Max Depth = 48<LI>Call Chain = HAL_NVIC_SetPriority &rArr; __NVIC_SetPriority
</UL>
<BR>[Calls]<UL><LI><a href="#[3f]">&gt;&gt;</a>&nbsp;&nbsp;&nbsp;__NVIC_SetPriority
</UL>
<BR>[Called By]<UL><LI><a href="#[38]">&gt;&gt;</a>&nbsp;&nbsp;&nbsp;HAL_InitTick
<LI><a href="#[51]">&gt;&gt;</a>&nbsp;&nbsp;&nbsp;uart_init
</UL>

<P><STRONG><a name="[41]"></a>HAL_RCC_GetHCLKFreq</STRONG> (Thumb, 8 bytes, Stack size 0 bytes, py32f002b_hal_rcc.o(.text.HAL_RCC_GetHCLKFreq))
<BR><BR>[Called By]<UL><LI><a href="#[40]">&gt;&gt;</a>&nbsp;&nbsp;&nbsp;HAL_RCC_GetPCLK1Freq
</UL>

<P><STRONG><a name="[40]"></a>HAL_RCC_GetPCLK1Freq</STRONG> (Thumb, 32 bytes, Stack size 8 bytes, py32f002b_hal_rcc.o(.text.HAL_RCC_GetPCLK1Freq))
<BR><BR>[Stack]<UL><LI>Max Depth = 8<LI>Call Chain = HAL_RCC_GetPCLK1Freq
</UL>
<BR>[Calls]<UL><LI><a href="#[41]">&gt;&gt;</a>&nbsp;&nbsp;&nbsp;HAL_RCC_GetHCLKFreq
</UL>
<BR>[Called By]<UL><LI><a href="#[45]">&gt;&gt;</a>&nbsp;&nbsp;&nbsp;UART_SetConfig
</UL>

<P><STRONG><a name="[3b]"></a>HAL_SYSTICK_Config</STRONG> (Thumb, 16 bytes, Stack size 16 bytes, py32f002b_hal_cortex.o(.text.HAL_SYSTICK_Config))
<BR><BR>[Stack]<UL><LI>Max Depth = 64<LI>Call Chain = HAL_SYSTICK_Config &rArr; SysTick_Config &rArr; __NVIC_SetPriority
</UL>
<BR>[Calls]<UL><LI><a href="#[42]">&gt;&gt;</a>&nbsp;&nbsp;&nbsp;SysTick_Config
</UL>
<BR>[Called By]<UL><LI><a href="#[38]">&gt;&gt;</a>&nbsp;&nbsp;&nbsp;HAL_InitTick
</UL>

<P><STRONG><a name="[43]"></a>HAL_UART_Init</STRONG> (Thumb, 182 bytes, Stack size 16 bytes, py32f002b_hal_uart.o(.text.HAL_UART_Init))
<BR><BR>[Stack]<UL><LI>Max Depth = 80<LI>Call Chain = HAL_UART_Init &rArr; UART_SetConfig &rArr; HAL_RCC_GetPCLK1Freq
</UL>
<BR>[Calls]<UL><LI><a href="#[44]">&gt;&gt;</a>&nbsp;&nbsp;&nbsp;HAL_UART_MspInit
<LI><a href="#[46]">&gt;&gt;</a>&nbsp;&nbsp;&nbsp;UART_AdvFeatureConfig
<LI><a href="#[45]">&gt;&gt;</a>&nbsp;&nbsp;&nbsp;UART_SetConfig
</UL>
<BR>[Called By]<UL><LI><a href="#[51]">&gt;&gt;</a>&nbsp;&nbsp;&nbsp;uart_init
</UL>

<P><STRONG><a name="[44]"></a>HAL_UART_MspInit</STRONG> (Thumb, 8 bytes, Stack size 4 bytes, py32f002b_hal_uart.o(.text.HAL_UART_MspInit))
<BR><BR>[Stack]<UL><LI>Max Depth = 4<LI>Call Chain = HAL_UART_MspInit
</UL>
<BR>[Called By]<UL><LI><a href="#[43]">&gt;&gt;</a>&nbsp;&nbsp;&nbsp;HAL_UART_Init
</UL>

<P><STRONG><a name="[2]"></a>HardFault_Handler</STRONG> (Thumb, 4 bytes, Stack size 0 bytes, py32f002b_it.o(.text.HardFault_Handler))
<BR>[Address Reference Count : 1]<UL><LI> startup_py32f002bx5.o(RESET)
</UL>
<P><STRONG><a name="[1]"></a>NMI_Handler</STRONG> (Thumb, 2 bytes, Stack size 0 bytes, py32f002b_it.o(.text.NMI_Handler))
<BR>[Address Reference Count : 1]<UL><LI> startup_py32f002bx5.o(RESET)
</UL>
<P><STRONG><a name="[4]"></a>PendSV_Handler</STRONG> (Thumb, 2 bytes, Stack size 0 bytes, py32f002b_it.o(.text.PendSV_Handler))
<BR>[Address Reference Count : 1]<UL><LI> startup_py32f002bx5.o(RESET)
</UL>
<P><STRONG><a name="[3]"></a>SVC_Handler</STRONG> (Thumb, 2 bytes, Stack size 0 bytes, py32f002b_it.o(.text.SVC_Handler))
<BR>[Address Reference Count : 1]<UL><LI> startup_py32f002bx5.o(RESET)
</UL>
<P><STRONG><a name="[5]"></a>SysTick_Handler</STRONG> (Thumb, 8 bytes, Stack size 8 bytes, py32f002b_it.o(.text.SysTick_Handler))
<BR><BR>[Stack]<UL><LI>Max Depth = 8<LI>Call Chain = SysTick_Handler
</UL>
<BR>[Calls]<UL><LI><a href="#[47]">&gt;&gt;</a>&nbsp;&nbsp;&nbsp;HAL_IncTick
</UL>
<BR>[Address Reference Count : 1]<UL><LI> startup_py32f002bx5.o(RESET)
</UL>
<P><STRONG><a name="[13]"></a>SystemInit</STRONG> (Thumb, 52 bytes, Stack size 8 bytes, system_py32f002b.o(.text.SystemInit))
<BR><BR>[Stack]<UL><LI>Max Depth = 16<LI>Call Chain = SystemInit &rArr; DelayTime
</UL>
<BR>[Calls]<UL><LI><a href="#[48]">&gt;&gt;</a>&nbsp;&nbsp;&nbsp;DelayTime
</UL>
<BR>[Address Reference Count : 1]<UL><LI> startup_py32f002bx5.o(.text)
</UL>
<P><STRONG><a name="[53]"></a>diff_u32</STRONG> (Thumb, 42 bytes, Stack size 12 bytes, main.o(.text.diff_u32))
<BR><BR>[Stack]<UL><LI>Max Depth = 12<LI>Call Chain = diff_u32
</UL>
<BR>[Called By]<UL><LI><a href="#[2b]">&gt;&gt;</a>&nbsp;&nbsp;&nbsp;main
</UL>

<P><STRONG><a name="[55]"></a>io_iic_deinit</STRONG> (Thumb, 36 bytes, Stack size 16 bytes, io_iic.o(.text.io_iic_deinit))
<BR><BR>[Stack]<UL><LI>Max Depth = 16<LI>Call Chain = io_iic_deinit
</UL>
<BR>[Called By]<UL><LI><a href="#[21]">&gt;&gt;</a>&nbsp;&nbsp;&nbsp;pcf8574_iic_deinit_port
</UL>

<P><STRONG><a name="[56]"></a>io_iic_init</STRONG> (Thumb, 36 bytes, Stack size 16 bytes, io_iic.o(.text.io_iic_init))
<BR><BR>[Stack]<UL><LI>Max Depth = 16<LI>Call Chain = io_iic_init
</UL>
<BR>[Called By]<UL><LI><a href="#[20]">&gt;&gt;</a>&nbsp;&nbsp;&nbsp;pcf8574_iic_init_port
</UL>

<P><STRONG><a name="[57]"></a>io_iic_read</STRONG> (Thumb, 308 bytes, Stack size 40 bytes, io_iic.o(.text.io_iic_read))
<BR><BR>[Stack]<UL><LI>Max Depth = 40<LI>Call Chain = io_iic_read
</UL>
<BR>[Called By]<UL><LI><a href="#[1e]">&gt;&gt;</a>&nbsp;&nbsp;&nbsp;pcf8574_iic_read_port
</UL>

<P><STRONG><a name="[58]"></a>io_iic_start</STRONG> (Thumb, 84 bytes, Stack size 16 bytes, io_iic.o(.text.io_iic_start))
<BR><BR>[Stack]<UL><LI>Max Depth = 16<LI>Call Chain = io_iic_start
</UL>
<BR>[Called By]<UL><LI><a href="#[1c]">&gt;&gt;</a>&nbsp;&nbsp;&nbsp;pcf8574_iic_start_port
</UL>

<P><STRONG><a name="[59]"></a>io_iic_stop</STRONG> (Thumb, 82 bytes, Stack size 16 bytes, io_iic.o(.text.io_iic_stop))
<BR><BR>[Stack]<UL><LI>Max Depth = 16<LI>Call Chain = io_iic_stop
</UL>
<BR>[Called By]<UL><LI><a href="#[1d]">&gt;&gt;</a>&nbsp;&nbsp;&nbsp;pcf8574_iic_stop_port
</UL>

<P><STRONG><a name="[5a]"></a>io_iic_write</STRONG> (Thumb, 326 bytes, Stack size 48 bytes, io_iic.o(.text.io_iic_write))
<BR><BR>[Stack]<UL><LI>Max Depth = 48<LI>Call Chain = io_iic_write
</UL>
<BR>[Called By]<UL><LI><a href="#[1f]">&gt;&gt;</a>&nbsp;&nbsp;&nbsp;pcf8574_iic_write_port
</UL>

<P><STRONG><a name="[4c]"></a>key_init</STRONG> (Thumb, 12 bytes, Stack size 8 bytes, key.o(.text.key_init))
<BR><BR>[Stack]<UL><LI>Max Depth = 24<LI>Call Chain = key_init &rArr; pcf8574_init
</UL>
<BR>[Calls]<UL><LI><a href="#[4d]">&gt;&gt;</a>&nbsp;&nbsp;&nbsp;pcf8574_init
</UL>
<BR>[Called By]<UL><LI><a href="#[2b]">&gt;&gt;</a>&nbsp;&nbsp;&nbsp;main
</UL>

<P><STRONG><a name="[4e]"></a>key_read</STRONG> (Thumb, 20 bytes, Stack size 16 bytes, key.o(.text.key_read))
<BR><BR>[Stack]<UL><LI>Max Depth = 40<LI>Call Chain = key_read &rArr; pcf8574_read
</UL>
<BR>[Calls]<UL><LI><a href="#[4f]">&gt;&gt;</a>&nbsp;&nbsp;&nbsp;pcf8574_read
</UL>
<BR>[Called By]<UL><LI><a href="#[2b]">&gt;&gt;</a>&nbsp;&nbsp;&nbsp;main
</UL>

<P><STRONG><a name="[50]"></a>led_init</STRONG> (Thumb, 52 bytes, Stack size 32 bytes, main.o(.text.led_init))
<BR><BR>[Stack]<UL><LI>Max Depth = 64<LI>Call Chain = led_init &rArr; HAL_GPIO_Init
</UL>
<BR>[Calls]<UL><LI><a href="#[49]">&gt;&gt;</a>&nbsp;&nbsp;&nbsp;HAL_GPIO_Init
</UL>
<BR>[Called By]<UL><LI><a href="#[2b]">&gt;&gt;</a>&nbsp;&nbsp;&nbsp;main
</UL>

<P><STRONG><a name="[2b]"></a>main</STRONG> (Thumb, 164 bytes, Stack size 40 bytes, main.o(.text.main))
<BR><BR>[Stack]<UL><LI>Max Depth = 240<LI>Call Chain = main &rArr; uart_init &rArr; HAL_UART_Init &rArr; UART_SetConfig &rArr; HAL_RCC_GetPCLK1Freq
</UL>
<BR>[Calls]<UL><LI><a href="#[4e]">&gt;&gt;</a>&nbsp;&nbsp;&nbsp;key_read
<LI><a href="#[54]">&gt;&gt;</a>&nbsp;&nbsp;&nbsp;HAL_GPIO_TogglePin
<LI><a href="#[36]">&gt;&gt;</a>&nbsp;&nbsp;&nbsp;HAL_GetTick
<LI><a href="#[52]">&gt;&gt;</a>&nbsp;&nbsp;&nbsp;uart_send
<LI><a href="#[51]">&gt;&gt;</a>&nbsp;&nbsp;&nbsp;uart_init
<LI><a href="#[4c]">&gt;&gt;</a>&nbsp;&nbsp;&nbsp;key_init
<LI><a href="#[35]">&gt;&gt;</a>&nbsp;&nbsp;&nbsp;HAL_Delay
<LI><a href="#[37]">&gt;&gt;</a>&nbsp;&nbsp;&nbsp;HAL_Init
<LI><a href="#[53]">&gt;&gt;</a>&nbsp;&nbsp;&nbsp;diff_u32
<LI><a href="#[50]">&gt;&gt;</a>&nbsp;&nbsp;&nbsp;led_init
</UL>
<BR>[Called By]<UL><LI><a href="#[2a]">&gt;&gt;</a>&nbsp;&nbsp;&nbsp;__rt_entry_main
</UL>

<P><STRONG><a name="[4d]"></a>pcf8574_init</STRONG> (Thumb, 16 bytes, Stack size 16 bytes, pcf8574.o(.text.pcf8574_init))
<BR><BR>[Stack]<UL><LI>Max Depth = 16<LI>Call Chain = pcf8574_init
</UL>
<BR>[Called By]<UL><LI><a href="#[4c]">&gt;&gt;</a>&nbsp;&nbsp;&nbsp;key_init
</UL>

<P><STRONG><a name="[4f]"></a>pcf8574_read</STRONG> (Thumb, 102 bytes, Stack size 24 bytes, pcf8574.o(.text.pcf8574_read))
<BR><BR>[Stack]<UL><LI>Max Depth = 24<LI>Call Chain = pcf8574_read
</UL>
<BR>[Called By]<UL><LI><a href="#[4e]">&gt;&gt;</a>&nbsp;&nbsp;&nbsp;key_read
</UL>

<P><STRONG><a name="[51]"></a>uart_init</STRONG> (Thumb, 148 bytes, Stack size 120 bytes, uart.o(.text.uart_init))
<BR><BR>[Stack]<UL><LI>Max Depth = 200<LI>Call Chain = uart_init &rArr; HAL_UART_Init &rArr; UART_SetConfig &rArr; HAL_RCC_GetPCLK1Freq
</UL>
<BR>[Calls]<UL><LI><a href="#[3d]">&gt;&gt;</a>&nbsp;&nbsp;&nbsp;HAL_NVIC_EnableIRQ
<LI><a href="#[3c]">&gt;&gt;</a>&nbsp;&nbsp;&nbsp;HAL_NVIC_SetPriority
<LI><a href="#[43]">&gt;&gt;</a>&nbsp;&nbsp;&nbsp;HAL_UART_Init
<LI><a href="#[49]">&gt;&gt;</a>&nbsp;&nbsp;&nbsp;HAL_GPIO_Init
</UL>
<BR>[Called By]<UL><LI><a href="#[2b]">&gt;&gt;</a>&nbsp;&nbsp;&nbsp;main
</UL>

<P><STRONG><a name="[52]"></a>uart_send</STRONG> (Thumb, 68 bytes, Stack size 24 bytes, uart.o(.text.uart_send))
<BR><BR>[Stack]<UL><LI>Max Depth = 32<LI>Call Chain = uart_send &rArr; LL_USART_TransmitData8
</UL>
<BR>[Calls]<UL><LI><a href="#[5c]">&gt;&gt;</a>&nbsp;&nbsp;&nbsp;LL_USART_TransmitData8
<LI><a href="#[5b]">&gt;&gt;</a>&nbsp;&nbsp;&nbsp;LL_USART_IsActiveFlag_TXE
</UL>
<BR>[Called By]<UL><LI><a href="#[2b]">&gt;&gt;</a>&nbsp;&nbsp;&nbsp;main
</UL>
<P>
<H3>
Local Symbols
</H3>
<P><STRONG><a name="[1c]"></a>pcf8574_iic_start_port</STRONG> (Thumb, 12 bytes, Stack size 8 bytes, key.o(.text.pcf8574_iic_start_port))
<BR><BR>[Stack]<UL><LI>Max Depth = 24<LI>Call Chain = pcf8574_iic_start_port &rArr; io_iic_start
</UL>
<BR>[Calls]<UL><LI><a href="#[58]">&gt;&gt;</a>&nbsp;&nbsp;&nbsp;io_iic_start
</UL>
<BR>[Address Reference Count : 1]<UL><LI> key.o(.data.pcf8574_dev)
</UL>
<P><STRONG><a name="[1d]"></a>pcf8574_iic_stop_port</STRONG> (Thumb, 12 bytes, Stack size 8 bytes, key.o(.text.pcf8574_iic_stop_port))
<BR><BR>[Stack]<UL><LI>Max Depth = 24<LI>Call Chain = pcf8574_iic_stop_port &rArr; io_iic_stop
</UL>
<BR>[Calls]<UL><LI><a href="#[59]">&gt;&gt;</a>&nbsp;&nbsp;&nbsp;io_iic_stop
</UL>
<BR>[Address Reference Count : 1]<UL><LI> key.o(.data.pcf8574_dev)
</UL>
<P><STRONG><a name="[1e]"></a>pcf8574_iic_read_port</STRONG> (Thumb, 24 bytes, Stack size 16 bytes, key.o(.text.pcf8574_iic_read_port))
<BR><BR>[Stack]<UL><LI>Max Depth = 56<LI>Call Chain = pcf8574_iic_read_port &rArr; io_iic_read
</UL>
<BR>[Calls]<UL><LI><a href="#[57]">&gt;&gt;</a>&nbsp;&nbsp;&nbsp;io_iic_read
</UL>
<BR>[Address Reference Count : 1]<UL><LI> key.o(.data.pcf8574_dev)
</UL>
<P><STRONG><a name="[1f]"></a>pcf8574_iic_write_port</STRONG> (Thumb, 24 bytes, Stack size 16 bytes, key.o(.text.pcf8574_iic_write_port))
<BR><BR>[Stack]<UL><LI>Max Depth = 64<LI>Call Chain = pcf8574_iic_write_port &rArr; io_iic_write
</UL>
<BR>[Calls]<UL><LI><a href="#[5a]">&gt;&gt;</a>&nbsp;&nbsp;&nbsp;io_iic_write
</UL>
<BR>[Address Reference Count : 1]<UL><LI> key.o(.data.pcf8574_dev)
</UL>
<P><STRONG><a name="[20]"></a>pcf8574_iic_init_port</STRONG> (Thumb, 12 bytes, Stack size 8 bytes, key.o(.text.pcf8574_iic_init_port))
<BR><BR>[Stack]<UL><LI>Max Depth = 24<LI>Call Chain = pcf8574_iic_init_port &rArr; io_iic_init
</UL>
<BR>[Calls]<UL><LI><a href="#[56]">&gt;&gt;</a>&nbsp;&nbsp;&nbsp;io_iic_init
</UL>
<BR>[Address Reference Count : 1]<UL><LI> key.o(.data.pcf8574_dev)
</UL>
<P><STRONG><a name="[21]"></a>pcf8574_iic_deinit_port</STRONG> (Thumb, 12 bytes, Stack size 8 bytes, key.o(.text.pcf8574_iic_deinit_port))
<BR><BR>[Stack]<UL><LI>Max Depth = 24<LI>Call Chain = pcf8574_iic_deinit_port &rArr; io_iic_deinit
</UL>
<BR>[Calls]<UL><LI><a href="#[55]">&gt;&gt;</a>&nbsp;&nbsp;&nbsp;io_iic_deinit
</UL>
<BR>[Address Reference Count : 1]<UL><LI> key.o(.data.pcf8574_dev)
</UL>
<P><STRONG><a name="[15]"></a>io_iic_scl_write_port</STRONG> (Thumb, 28 bytes, Stack size 16 bytes, key.o(.text.io_iic_scl_write_port))
<BR><BR>[Stack]<UL><LI>Max Depth = 28<LI>Call Chain = io_iic_scl_write_port &rArr; HAL_GPIO_WritePin
</UL>
<BR>[Calls]<UL><LI><a href="#[4a]">&gt;&gt;</a>&nbsp;&nbsp;&nbsp;HAL_GPIO_WritePin
</UL>
<BR>[Address Reference Count : 1]<UL><LI> key.o(.data.iic_dev)
</UL>
<P><STRONG><a name="[16]"></a>io_iic_sda_write_port</STRONG> (Thumb, 60 bytes, Stack size 48 bytes, key.o(.text.io_iic_sda_write_port))
<BR><BR>[Stack]<UL><LI>Max Depth = 80<LI>Call Chain = io_iic_sda_write_port &rArr; HAL_GPIO_Init
</UL>
<BR>[Calls]<UL><LI><a href="#[4a]">&gt;&gt;</a>&nbsp;&nbsp;&nbsp;HAL_GPIO_WritePin
<LI><a href="#[49]">&gt;&gt;</a>&nbsp;&nbsp;&nbsp;HAL_GPIO_Init
</UL>
<BR>[Address Reference Count : 1]<UL><LI> key.o(.data.iic_dev)
</UL>
<P><STRONG><a name="[17]"></a>io_iic_sda_2read_port</STRONG> (Thumb, 32 bytes, Stack size 32 bytes, key.o(.text.io_iic_sda_2read_port))
<BR><BR>[Stack]<UL><LI>Max Depth = 64<LI>Call Chain = io_iic_sda_2read_port &rArr; HAL_GPIO_Init
</UL>
<BR>[Calls]<UL><LI><a href="#[49]">&gt;&gt;</a>&nbsp;&nbsp;&nbsp;HAL_GPIO_Init
</UL>
<BR>[Address Reference Count : 1]<UL><LI> key.o(.data.iic_dev)
</UL>
<P><STRONG><a name="[18]"></a>io_iic_sda_read_port</STRONG> (Thumb, 20 bytes, Stack size 8 bytes, key.o(.text.io_iic_sda_read_port))
<BR><BR>[Stack]<UL><LI>Max Depth = 24<LI>Call Chain = io_iic_sda_read_port &rArr; HAL_GPIO_ReadPin
</UL>
<BR>[Calls]<UL><LI><a href="#[4b]">&gt;&gt;</a>&nbsp;&nbsp;&nbsp;HAL_GPIO_ReadPin
</UL>
<BR>[Address Reference Count : 1]<UL><LI> key.o(.data.iic_dev)
</UL>
<P><STRONG><a name="[19]"></a>io_iic_delay_us_port</STRONG> (Thumb, 28 bytes, Stack size 8 bytes, key.o(.text.io_iic_delay_us_port))
<BR><BR>[Stack]<UL><LI>Max Depth = 8<LI>Call Chain = io_iic_delay_us_port
</UL>
<BR>[Address Reference Count : 1]<UL><LI> key.o(.data.iic_dev)
</UL>
<P><STRONG><a name="[1a]"></a>io_iic_init_port</STRONG> (Thumb, 72 bytes, Stack size 40 bytes, key.o(.text.io_iic_init_port))
<BR><BR>[Stack]<UL><LI>Max Depth = 72<LI>Call Chain = io_iic_init_port &rArr; HAL_GPIO_Init
</UL>
<BR>[Calls]<UL><LI><a href="#[49]">&gt;&gt;</a>&nbsp;&nbsp;&nbsp;HAL_GPIO_Init
</UL>
<BR>[Address Reference Count : 1]<UL><LI> key.o(.data.iic_dev)
</UL>
<P><STRONG><a name="[1b]"></a>io_iic_deinit_port</STRONG> (Thumb, 2 bytes, Stack size 0 bytes, key.o(.text.io_iic_deinit_port))
<BR>[Address Reference Count : 1]<UL><LI> key.o(.data.iic_dev)
</UL>
<P><STRONG><a name="[5b]"></a>LL_USART_IsActiveFlag_TXE</STRONG> (Thumb, 16 bytes, Stack size 4 bytes, uart.o(.text.LL_USART_IsActiveFlag_TXE))
<BR><BR>[Stack]<UL><LI>Max Depth = 4<LI>Call Chain = LL_USART_IsActiveFlag_TXE
</UL>
<BR>[Called By]<UL><LI><a href="#[52]">&gt;&gt;</a>&nbsp;&nbsp;&nbsp;uart_send
</UL>

<P><STRONG><a name="[5c]"></a>LL_USART_TransmitData8</STRONG> (Thumb, 18 bytes, Stack size 8 bytes, uart.o(.text.LL_USART_TransmitData8))
<BR><BR>[Stack]<UL><LI>Max Depth = 8<LI>Call Chain = LL_USART_TransmitData8
</UL>
<BR>[Called By]<UL><LI><a href="#[52]">&gt;&gt;</a>&nbsp;&nbsp;&nbsp;uart_send
</UL>

<P><STRONG><a name="[3f]"></a>__NVIC_SetPriority</STRONG> (Thumb, 124 bytes, Stack size 24 bytes, py32f002b_hal_cortex.o(.text.__NVIC_SetPriority))
<BR><BR>[Stack]<UL><LI>Max Depth = 24<LI>Call Chain = __NVIC_SetPriority
</UL>
<BR>[Called By]<UL><LI><a href="#[42]">&gt;&gt;</a>&nbsp;&nbsp;&nbsp;SysTick_Config
<LI><a href="#[3c]">&gt;&gt;</a>&nbsp;&nbsp;&nbsp;HAL_NVIC_SetPriority
</UL>

<P><STRONG><a name="[3e]"></a>__NVIC_EnableIRQ</STRONG> (Thumb, 40 bytes, Stack size 4 bytes, py32f002b_hal_cortex.o(.text.__NVIC_EnableIRQ))
<BR><BR>[Stack]<UL><LI>Max Depth = 4<LI>Call Chain = __NVIC_EnableIRQ
</UL>
<BR>[Called By]<UL><LI><a href="#[3d]">&gt;&gt;</a>&nbsp;&nbsp;&nbsp;HAL_NVIC_EnableIRQ
</UL>

<P><STRONG><a name="[42]"></a>SysTick_Config</STRONG> (Thumb, 68 bytes, Stack size 24 bytes, py32f002b_hal_cortex.o(.text.SysTick_Config))
<BR><BR>[Stack]<UL><LI>Max Depth = 48<LI>Call Chain = SysTick_Config &rArr; __NVIC_SetPriority
</UL>
<BR>[Calls]<UL><LI><a href="#[3f]">&gt;&gt;</a>&nbsp;&nbsp;&nbsp;__NVIC_SetPriority
</UL>
<BR>[Called By]<UL><LI><a href="#[3b]">&gt;&gt;</a>&nbsp;&nbsp;&nbsp;HAL_SYSTICK_Config
</UL>

<P><STRONG><a name="[45]"></a>UART_SetConfig</STRONG> (Thumb, 296 bytes, Stack size 56 bytes, py32f002b_hal_uart.o(.text.UART_SetConfig))
<BR><BR>[Stack]<UL><LI>Max Depth = 64<LI>Call Chain = UART_SetConfig &rArr; HAL_RCC_GetPCLK1Freq
</UL>
<BR>[Calls]<UL><LI><a href="#[40]">&gt;&gt;</a>&nbsp;&nbsp;&nbsp;HAL_RCC_GetPCLK1Freq
<LI><a href="#[3a]">&gt;&gt;</a>&nbsp;&nbsp;&nbsp;__aeabi_uidiv
</UL>
<BR>[Called By]<UL><LI><a href="#[43]">&gt;&gt;</a>&nbsp;&nbsp;&nbsp;HAL_UART_Init
</UL>

<P><STRONG><a name="[46]"></a>UART_AdvFeatureConfig</STRONG> (Thumb, 80 bytes, Stack size 4 bytes, py32f002b_hal_uart.o(.text.UART_AdvFeatureConfig))
<BR><BR>[Stack]<UL><LI>Max Depth = 4<LI>Call Chain = UART_AdvFeatureConfig
</UL>
<BR>[Called By]<UL><LI><a href="#[43]">&gt;&gt;</a>&nbsp;&nbsp;&nbsp;HAL_UART_Init
</UL>

<P><STRONG><a name="[48]"></a>DelayTime</STRONG> (Thumb, 36 bytes, Stack size 8 bytes, system_py32f002b.o(.text.DelayTime))
<BR><BR>[Stack]<UL><LI>Max Depth = 8<LI>Call Chain = DelayTime
</UL>
<BR>[Called By]<UL><LI><a href="#[13]">&gt;&gt;</a>&nbsp;&nbsp;&nbsp;SystemInit
</UL>
<P>
<H3>
Undefined Global Symbols
</H3>
<P><STRONG><a name="[33]"></a>_call_atexit_fns</STRONG> (ARM, 0 bytes, Stack size 0 bytes, UNDEFINED)
<BR><BR>[Called By]<UL><LI><a href="#[2c]">&gt;&gt;</a>&nbsp;&nbsp;&nbsp;exit
</UL>
<HR></body></html>
