<html>
<body>
<pre>
<h1>µVision Build Log</h1>
<h2>Tool Versions:</h2>
IDE-Version: ¦ÌVision V5.40.0.0
Copyright (C) 2024 ARM Ltd and ARM Germany GmbH. All rights reserved.
License Information: 11 11
11
User-based license: Keil MDK Community (non-commercial free of charge)
Valid until: Jun 1 2033. Cached until: Jan 30 2025
 
Tool Versions:
Toolchain:       Keil MDK Community (non-commercial free of charge  Version: 5.40.0.3
Toolchain Path:  d:\Keil_v5\ARM\ARMCLANG\Bin
C Compiler:      ArmClang.exe V6.22
Assembler:       Armasm.exe V6.22
Linker/Locator:  ArmLink.exe V6.22
Library Manager: ArmAr.exe V6.22
Hex Converter:   FromElf.exe V6.22
CPU DLL:         SARMCM3.DLL V5.40.0.3
Dialog DLL:      DARMCM1.DLL V1.19.6.0
Target DLL:      CMSIS_AGDI.dll V1.33.18.0
Dialog DLL:      TARMCM1.DLL V1.14.6.0
 
<h2>Project:</h2>
D:\BOARD\PY32F403R1xT\py32f002b\prj\test.uvprojx
Project File Date:  01/21/2025

<h2>Output:</h2>
*** Using Compiler 'V6.22', folder: 'd:\Keil_v5\ARM\ARMCLANG\Bin'
Rebuild target 'Target 1'
compiling py32f002b_it.c...
compiling pcf8574.c...
compiling main.c...
compiling fifo.c...
compiling uart.c...
compiling py32f002b_hal_adc.c...
compiling io_iic.c...
compiling py32f002b_hal.c...
PY32F002B_HAL_Driver/Src/py32f002b_hal_comp.c(233): warning: unused variable 'wait_loop_index' [-Wunused-variable]
  233 |   __IO uint32_t wait_loop_index = 0UL;
      |                 ^~~~~~~~~~~~~~~
1 warning generated.
compiling py32f002b_hal_comp.c...
compiling key.c...
PY32F002B_HAL_Driver/Src/py32f002b_hal_cortex.c(133): warning: unused parameter 'SubPriority' [-Wunused-parameter]
  133 | void HAL_NVIC_SetPriority(IRQn_Type IRQn, uint32_t PreemptPriority, uint32_t SubPriority)
      |                                                                              ^
1 warning generated.
compiling py32f002b_hal_cortex.c...
assembling py32f002b_OPT.s...
compiling py32f002b_hal_crc.c...
compiling py32f002b_hal_gpio.c...
compiling py32f002b_hal_iwdg.c...
PY32F002B_HAL_Driver/Src/py32f002b_hal_flash.c(515): warning: unused parameter 'TypeProgram' [-Wunused-parameter]
  515 | HAL_StatusTypeDef HAL_FLASH_Program(uint32_t TypeProgram, uint32_t Address, uint32_t * DataAddr )
      |                                              ^
1 warning generated.
compiling py32f002b_hal_flash.c...
PY32F002B_HAL_Driver/Src/py32f002b_hal_exti.c(482): warning: unused parameter 'Edge' [-Wunused-parameter]
  482 | uint32_t HAL_EXTI_GetPending(EXTI_HandleTypeDef *hexti, uint32_t Edge)
      |                                                                  ^
1 warning generated.
compiling py32f002b_hal_exti.c...
compiling py32f002b_hal_i2c.c...
compiling py32f002b_hal_lptim.c...
compiling py32f002b_hal_rcc_ex.c...
compiling py32f002b_hal_pwr.c...
compiling py32f002b_hal_rcc.c...
compiling py32f002b_hal_spi.c...
compiling py32f002b_hal_tim_ex.c...
PY32F002B_HAL_Driver/Src/py32f002b_ll_adc.c(25): warning: In file included from...
./PY32F002B_HAL_Driver/Inc\py32f002b_ll_adc.h(2165): warning: unused parameter 'ADCx' [-Wunused-parameter]
 2165 | __STATIC_INLINE void LL_ADC_Reset(ADC_TypeDef *ADCx)
      |                                                ^
PY32F002B_HAL_Driver/Src/py32f002b_ll_adc.c(163): warning: unused parameter 'ADCxy_COMMON' [-Wunused-parameter]
  163 | ErrorStatus LL_ADC_CommonDeInit(ADC_Common_TypeDef *ADCxy_COMMON)
      |                                                     ^
2 warnings generated.
compiling py32f002b_ll_adc.c...
compiling py32f002b_hal_uart.c...
compiling py32f002b_hal_usart.c...
compiling py32f002b_hal_tim.c...
PY32F002B_HAL_Driver/Src/py32f002b_ll_comp.c(25): warning: In file included from...
./PY32F002B_HAL_Driver/Inc\py32f002b_ll_comp.h(455): warning: unused parameter 'COMPx' [-Wunused-parameter]
  455 | __STATIC_INLINE void LL_COMP_EnableVrefCmpDivider(COMP_TypeDef *COMPx)
      |                                                                 ^
./PY32F002B_HAL_Driver/Inc\py32f002b_ll_comp.h(466): warning: unused parameter 'COMPx' [-Wunused-parameter]
  466 | __STATIC_INLINE void LL_COMP_DisableVrefCmpDivider(COMP_TypeDef *COMPx)
      |                                                                  ^
./PY32F002B_HAL_Driver/Inc\py32f002b_ll_comp.h(478): warning: unused parameter 'COMPx' [-Wunused-parameter]
  478 | __STATIC_INLINE uint32_t LL_COMP_IsEnabledVrefCmpDivider(COMP_TypeDef *COMPx)
      |                                                                        ^
./PY32F002B_HAL_Driver/Inc\py32f002b_ll_comp.h(506): warning: unused parameter 'COMPx' [-Wunused-parameter]
  506 | __STATIC_INLINE void LL_COMP_SetVrefCmpDivider(COMP_TypeDef *COMPx, uint32_t VrefCmpDiv)
      |                                                              ^
./PY32F002B_HAL_Driver/Inc\py32f002b_ll_comp.h(533): warning: unused parameter 'COMPx' [-Wunused-parameter]
  533 | __STATIC_INLINE uint32_t LL_COMP_GetVrefCmpDivider(COMP_TypeDef *COMPx)
      |                                                                  ^
./PY32F002B_HAL_Driver/Inc\py32f002b_ll_comp.h(548): warning: unused parameter 'COMPx' [-Wunused-parameter]
  548 | __STATIC_INLINE void LL_COMP_SetVrefCmpSource(COMP_TypeDef *COMPx, uint32_t VrefCmpSource)
      |                                                             ^
./PY32F002B_HAL_Driver/Inc\py32f002b_ll_comp.h(561): warning: unused parameter 'COMPx' [-Wunused-parameter]
  561 | __STATIC_INLINE uint32_t LL_COMP_GetVrefCmpSource(COMP_TypeDef *COMPx)
      |                                                                 ^
7 warnings generated.
compiling py32f002b_ll_comp.c...
compiling py32f002b_ll_crc.c...
compiling py32f002b_ll_pwr.c...
compiling py32f002b_ll_gpio.c...
PY32F002B_HAL_Driver/Src/py32f002b_ll_i2c.c(27): warning: In file included from...
./PY32F002B_HAL_Driver/Inc\py32f002b_ll_rcc.h(1104): warning: unused parameter 'MCOx' [-Wunused-parameter]
 1104 | __STATIC_INLINE uint32_t LL_RCC_GetMCODiv(uint32_t MCOx)
      |                                                    ^
./PY32F002B_HAL_Driver/Inc\py32f002b_ll_rcc.h(1194): warning: unused parameter 'LPTIMx' [-Wunused-parameter]
 1194 | __STATIC_INLINE uint32_t LL_RCC_GetLPTIMClockSource(uint32_t LPTIMx)
      |                                                              ^
2 warnings generated.
compiling py32f002b_ll_i2c.c...
compiling py32f002b_ll_exti.c...
PY32F002B_HAL_Driver/Src/py32f002b_ll_lptim.c(27): warning: In file included from...
./PY32F002B_HAL_Driver/Inc\py32f002b_ll_rcc.h(1104): warning: unused parameter 'MCOx' [-Wunused-parameter]
 1104 | __STATIC_INLINE uint32_t LL_RCC_GetMCODiv(uint32_t MCOx)
      |                                                    ^
./PY32F002B_HAL_Driver/Inc\py32f002b_ll_rcc.h(1194): warning: unused parameter 'LPTIMx' [-Wunused-parameter]
 1194 | __STATIC_INLINE uint32_t LL_RCC_GetLPTIMClockSource(uint32_t LPTIMx)
      |                                                              ^
2 warnings generated.
compiling py32f002b_ll_lptim.c...
PY32F002B_HAL_Driver/Src/py32f002b_ll_rcc.c(25): warning: In file included from...
./PY32F002B_HAL_Driver/Inc\py32f002b_ll_rcc.h(1104): warning: unused parameter 'MCOx' [-Wunused-parameter]
 1104 | __STATIC_INLINE uint32_t LL_RCC_GetMCODiv(uint32_t MCOx)
      |                                                    ^
./PY32F002B_HAL_Driver/Inc\py32f002b_ll_rcc.h(1194): warning: unused parameter 'LPTIMx' [-Wunused-parameter]
 1194 | __STATIC_INLINE uint32_t LL_RCC_GetLPTIMClockSource(uint32_t LPTIMx)
      |                                                              ^
2 warnings generated.
compiling py32f002b_ll_rcc.c...
PY32F002B_HAL_Driver/Src/py32f002b_ll_spi.c(76): warning: In file included from...
./PY32F002B_HAL_Driver/Inc\py32f002b_ll_rcc.h(1104): warning: unused parameter 'MCOx' [-Wunused-parameter]
 1104 | __STATIC_INLINE uint32_t LL_RCC_GetMCODiv(uint32_t MCOx)
      |                                                    ^
./PY32F002B_HAL_Driver/Inc\py32f002b_ll_rcc.h(1194): warning: unused parameter 'LPTIMx' [-Wunused-parameter]
 1194 | __STATIC_INLINE uint32_t LL_RCC_GetLPTIMClockSource(uint32_t LPTIMx)
      |                                                              ^
2 warnings generated.
compiling py32f002b_ll_spi.c...
compiling py32f002b_ll_tim.c...
PY32F002B_HAL_Driver/Src/py32f002b_ll_utils.c(24): warning: In file included from...
./PY32F002B_HAL_Driver/Inc\py32f002b_ll_rcc.h(1104): warning: unused parameter 'MCOx' [-Wunused-parameter]
 1104 | __STATIC_INLINE uint32_t LL_RCC_GetMCODiv(uint32_t MCOx)
      |                                                    ^
./PY32F002B_HAL_Driver/Inc\py32f002b_ll_rcc.h(1194): warning: unused parameter 'LPTIMx' [-Wunused-parameter]
 1194 | __STATIC_INLINE uint32_t LL_RCC_GetLPTIMClockSource(uint32_t LPTIMx)
      |                                                              ^
PY32F002B_HAL_Driver/Src/py32f002b_ll_utils.c(170): warning: variable 'latency' is used uninitialized whenever 'if' condition is true [-Wsometimes-uninitialized]
  170 |   if ((HCLKFrequency == 0U) || (HCLKFrequency > UTILS_SCALE1_LATENCY2_FREQ))
      |       ^~~~~~~~~~~~~~~~~~~~~~~~~~~~~~~~~~~~~~~~~~~~~~~~~~~~~~~~~~~~~~~~~~~~~
PY32F002B_HAL_Driver/Src/py32f002b_ll_utils.c(188): note: uninitialized use occurs here
  188 |   LL_FLASH_SetLatency(latency);
      |                       ^~~~~~~
PY32F002B_HAL_Driver/Src/py32f002b_ll_utils.c(170): note: remove the 'if' if its condition is always false
  170 |   if ((HCLKFrequency == 0U) || (HCLKFrequency > UTILS_SCALE1_LATENCY2_FREQ))
      |   ^~~~~~~~~~~~~~~~~~~~~~~~~~~~~~~~~~~~~~~~~~~~~~~~~~~~~~~~~~~~~~~~~~~~~~~~~~
  171 |   {
      |   ~
  172 |     status = ERROR;
      |     ~~~~~~~~~~~~~~~
  173 |   }
      |   ~
  174 |   else
      |   ~~~~
  175 |   {
PY32F002B_HAL_Driver/Src/py32f002b_ll_utils.c(170): warning: variable 'latency' is used uninitialized whenever '||' condition is true [-Wsometimes-uninitialized]
  170 |   if ((HCLKFrequency == 0U) || (HCLKFrequency > UTILS_SCALE1_LATENCY2_FREQ))
      |       ^~~~~~~~~~~~~~~~~~~~~
PY32F002B_HAL_Driver/Src/py32f002b_ll_utils.c(188): note: uninitialized use occurs here
  188 |   LL_FLASH_SetLatency(latency);
      |                       ^~~~~~~
PY32F002B_HAL_Driver/Src/py32f002b_ll_utils.c(170): note: remove the '||' if its condition is always false
  170 |   if ((HCLKFrequency == 0U) || (HCLKFrequency > UTILS_SCALE1_LATENCY2_FREQ))
      |       ^~~~~~~~~~~~~~~~~~~~~~~~
PY32F002B_HAL_Driver/Src/py32f002b_ll_utils.c(166): note: initialize the variable 'latency' to silence this warning
  166 |   uint32_t latency;
      |                   ^
      |                    = 0
4 warnings generated.
compiling py32f002b_ll_utils.c...
PY32F002B_HAL_Driver/Src/py32f002b_ll_usart.c(26): warning: In file included from...
./PY32F002B_HAL_Driver/Inc\py32f002b_ll_rcc.h(1104): warning: unused parameter 'MCOx' [-Wunused-parameter]
 1104 | __STATIC_INLINE uint32_t LL_RCC_GetMCODiv(uint32_t MCOx)
      |                                                    ^
./PY32F002B_HAL_Driver/Inc\py32f002b_ll_rcc.h(1194): warning: unused parameter 'LPTIMx' [-Wunused-parameter]
 1194 | __STATIC_INLINE uint32_t LL_RCC_GetLPTIMClockSource(uint32_t LPTIMx)
      |                                                              ^
2 warnings generated.
compiling py32f002b_ll_usart.c...
compiling system_py32f002b.c...
assembling startup_py32f002bx5.s...
linking...
Program Size: Code=4788 RO-data=280 RW-data=76 ZI-data=1132  
".\Objects\test.axf" - 0 Error(s), 27 Warning(s).

<h2>Software Packages used:</h2>

Package Vendor: ARM
                https://www.keil.com/pack/ARM.CMSIS.6.1.0.pack
                ARM::CMSIS@6.1.0
                CMSIS (Common Microcontroller Software Interface Standard)
   * Component: CORE Version: 6.1.0

Package Vendor: Puya
                https://www.puyasemi.com/uploadfiles/Puya.PY32F0xx_DFP.1.2.2.pack
                Puya::PY32F0xx_DFP@1.2.2
                Puya PY32F0 Series Device Support
   * Component: Startup Version: 1.0.0

<h2>Collection of Component include folders:</h2>
  ./RTE/_Target_1
  D:/Keil_v5/Packs/ARM/CMSIS/6.1.0/CMSIS/Core/Include
  D:/Keil_v5/Packs/Puya/PY32F0xx_DFP/1.2.2/Drivers/CMSIS/Device/PY32F0xx/Include

<h2>Collection of Component Files used:</h2>

   * Component: ARM::CMSIS:CORE@6.1.0

   * Component: Puya::Device:Startup@1.0.0
      Include file:  Drivers/CMSIS/Device/PY32F0xx/Include/py32f0xx.h
      Source file:   Drivers/CMSIS/Device/PY32F0xx/Source/arm/startup_py32f002bx5.s
      Source file:   Drivers/CMSIS/Device/PY32F0xx/Source/system_py32f002b.c
Build Time Elapsed:  00:00:07
</pre>
</body>
</html>
